Component: Arm Compiler for Embedded 6.24 Tool: armlink [5f371500]

==============================================================================

Section Cross References

    main.o(.text.vApplicationStackOverflowHook) refers to main.o(.rodata.str1.1) for .L.str
    main.o(.text.vApplicationStackOverflowHook) refers to printfa.o(i.__0printf) for printf
    main.o(.ARM.exidx.text.vApplicationStackOverflowHook) refers to main.o(.text.vApplicationStackOverflowHook) for [Anonymous Symbol]
    main.o(.text.main) refers to system_tm4c123.o(.data.SystemCoreClock) for SystemCoreClock
    main.o(.text.main) refers to main.o(.text.GPIO_Init) for GPIO_Init
    main.o(.text.main) refers to queue.o(.text.xQueueCreateMutex) for xQueueCreateMutex
    main.o(.text.main) refers to main.o(.bss.xGateStateMutex) for xGateStateMutex
    main.o(.text.main) refers to queue.o(.text.xQueueGenericCreate) for xQueueGenericCreate
    main.o(.text.main) refers to main.o(.bss.xOpenLimitSemaphore) for xOpenLimitSemaphore
    main.o(.text.main) refers to main.o(.bss.xClosedLimitSemaphore) for xClosedLimitSemaphore
    main.o(.text.main) refers to main.o(.bss.xObstacleSemaphore) for xObstacleSemaphore
    main.o(.text.main) refers to main.o(.bss.xButtonEventQueue) for xButtonEventQueue
    main.o(.text.main) refers to main.o(.rodata.str1.1) for .L.str.1
    main.o(.text.main) refers to printfa.o(i.__0printf) for printf
    main.o(.text.main) refers to main.o(.bss.xSafetyTaskHandle) for xSafetyTaskHandle
    main.o(.text.main) refers to main.o(.text.vSafetyTask) for vSafetyTask
    main.o(.text.main) refers to tasks.o(.text.xTaskCreate) for xTaskCreate
    main.o(.text.main) refers to main.o(.bss.xInputTaskHandle) for xInputTaskHandle
    main.o(.text.main) refers to main.o(.text.vInputTask) for vInputTask
    main.o(.text.main) refers to main.o(.bss.xGateCtrlTaskHandle) for xGateCtrlTaskHandle
    main.o(.text.main) refers to main.o(.text.vGateControlTask) for vGateControlTask
    main.o(.text.main) refers to main.o(.bss.xLedCtrlTaskHandle) for xLedCtrlTaskHandle
    main.o(.text.main) refers to main.o(.text.vLedControlTask) for vLedControlTask
    main.o(.text.main) refers to main.o(.bss.xStatusTaskHandle) for xStatusTaskHandle
    main.o(.text.main) refers to main.o(.text.vStatusTask) for vStatusTask
    main.o(.text.main) refers to tasks.o(.text.vTaskStartScheduler) for vTaskStartScheduler
    main.o(.ARM.exidx.text.main) refers to main.o(.text.main) for [Anonymous Symbol]
    main.o(.ARM.exidx.text.GPIO_Init) refers to main.o(.text.GPIO_Init) for [Anonymous Symbol]
    main.o(.text.vSafetyTask) refers to main.o(.bss.xObstacleSemaphore) for xObstacleSemaphore
    main.o(.text.vSafetyTask) refers to queue.o(.text.xQueueSemaphoreTake) for xQueueSemaphoreTake
    main.o(.text.vSafetyTask) refers to main.o(.text.GetGateState) for GetGateState
    main.o(.text.vSafetyTask) refers to main.o(.text.SetGateState) for SetGateState
    main.o(.text.vSafetyTask) refers to main.o(.rodata.str1.1) for .L.str.7
    main.o(.text.vSafetyTask) refers to printfa.o(i.__0printf) for printf
    main.o(.text.vSafetyTask) refers to tasks.o(.text.vTaskDelay) for vTaskDelay
    main.o(.text.vSafetyTask) refers to main.o(.bss.securityActive) for securityActive
    main.o(.ARM.exidx.text.vSafetyTask) refers to main.o(.text.vSafetyTask) for [Anonymous Symbol]
    main.o(.text.vInputTask) refers to main.o(.text.Read_DriverOpen) for Read_DriverOpen
    main.o(.text.vInputTask) refers to main.o(.text.Read_DriverClose) for Read_DriverClose
    main.o(.text.vInputTask) refers to main.o(.text.Read_SecurityOpen) for Read_SecurityOpen
    main.o(.text.vInputTask) refers to main.o(.text.Read_SecurityClose) for Read_SecurityClose
    main.o(.text.vInputTask) refers to main.o(.text.Read_OpenLimit) for Read_OpenLimit
    main.o(.text.vInputTask) refers to main.o(.text.Read_ClosedLimit) for Read_ClosedLimit
    main.o(.text.vInputTask) refers to main.o(.text.Read_Obstacle) for Read_Obstacle
    main.o(.text.vInputTask) refers to main.o(.text.Read_ManualMode) for Read_ManualMode
    main.o(.text.vInputTask) refers to main.o(.bss.xButtonEventQueue) for xButtonEventQueue
    main.o(.text.vInputTask) refers to queue.o(.text.xQueueGenericSend) for xQueueGenericSend
    main.o(.text.vInputTask) refers to main.o(.bss.xOpenLimitSemaphore) for xOpenLimitSemaphore
    main.o(.text.vInputTask) refers to main.o(.bss.xClosedLimitSemaphore) for xClosedLimitSemaphore
    main.o(.text.vInputTask) refers to main.o(.bss.xObstacleSemaphore) for xObstacleSemaphore
    main.o(.text.vInputTask) refers to tasks.o(.text.vTaskDelay) for vTaskDelay
    main.o(.ARM.exidx.text.vInputTask) refers to main.o(.text.vInputTask) for [Anonymous Symbol]
    main.o(.text.vGateControlTask) refers to main.o(.bss.xOpenLimitSemaphore) for xOpenLimitSemaphore
    main.o(.text.vGateControlTask) refers to queue.o(.text.xQueueSemaphoreTake) for xQueueSemaphoreTake
[...]
    ../clib/microlib/string/memcpy.c         0x00000000   Number         0  memcpyb.o ABSOLUTE
    ../clib/microlib/string/memset.c         0x00000000   Number         0  memseta.o ABSOLUTE
    ../clib/microlib/stubs.s                 0x00000000   Number         0  iusefp.o ABSOLUTE
    ../fplib/microlib/fpadd.c                0x00000000   Number         0  dadd.o ABSOLUTE
    ../fplib/microlib/fpdiv.c                0x00000000   Number         0  ddiv.o ABSOLUTE
    ../fplib/microlib/fpepilogue.c           0x00000000   Number         0  depilogue.o ABSOLUTE
    ../fplib/microlib/fpfix.c                0x00000000   Number         0  dfixul.o ABSOLUTE
    ../fplib/microlib/fpmul.c                0x00000000   Number         0  dmul.o ABSOLUTE
    RTE/Device/TM4C123GH6PM/startup_TM4C123.s 0x00000000   Number         0  startup_tm4c123.o ABSOLUTE
    cdrcmple.s                               0x00000000   Number         0  cdrcmple.o ABSOLUTE
    clib_os.c                                0x00000000   Number         0  clib_os.o ABSOLUTE
    cmsis_os2.c                              0x00000000   Number         0  cmsis_os2.o ABSOLUTE
    dc.s                                     0x00000000   Number         0  dc.o ABSOLUTE
    event_groups.c                           0x00000000   Number         0  event_groups.o ABSOLUTE
    freertos_evr.c                           0x00000000   Number         0  freertos_evr.o ABSOLUTE
    handlers.s                               0x00000000   Number         0  handlers.o ABSOLUTE
    heap_4.c                                 0x00000000   Number         0  heap_4.o ABSOLUTE
    init.s                                   0x00000000   Number         0  init.o ABSOLUTE
    list.c                                   0x00000000   Number         0  list.o ABSOLUTE
    main.c                                   0x00000000   Number         0  main.o ABSOLUTE
    os_systick.c                             0x00000000   Number         0  os_systick.o ABSOLUTE
    port.c                                   0x00000000   Number         0  port.o ABSOLUTE
    queue.c                                  0x00000000   Number         0  queue.o ABSOLUTE
    retarget_io.c                            0x00000000   Number         0  retarget_io.o ABSOLUTE
    stdin_itm.c                              0x00000000   Number         0  stdin_itm.o ABSOLUTE
    stdout_itm.c                             0x00000000   Number         0  stdout_itm.o ABSOLUTE
    system_TM4C123.c                         0x00000000   Number         0  system_tm4c123.o ABSOLUTE
    tasks.c                                  0x00000000   Number         0  tasks.o ABSOLUTE
    timers.c                                 0x00000000   Number         0  timers.o ABSOLUTE
    RESET                                    0x00000000   Section      620  startup_tm4c123.o(RESET)
    .ARM.Collect$$$$00000000                 0x0000026c   Section        0  entry.o(.ARM.Collect$$$$00000000)
    .ARM.Collect$$$$00000001                 0x0000026c   Section        4  entry2.o(.ARM.Collect$$$$00000001)
    .ARM.Collect$$$$00000004                 0x00000270   Section        4  entry5.o(.ARM.Collect$$$$00000004)
    .ARM.Collect$$$$00000008                 0x00000274   Section        0  entry7b.o(.ARM.Collect$$$$00000008)
    .ARM.Collect$$$$0000000A                 0x00000274   Section        0  entry8b.o(.ARM.Collect$$$$0000000A)
    .ARM.Collect$$$$0000000B                 0x00000274   Section        8  entry9a.o(.ARM.Collect$$$$0000000B)
    __lit__00000000                          0x0000027c   Data           4  entry2.o(.ARM.Collect$$$$00002712)
    .ARM.Collect$$$$0000000D                 0x0000027c   Section        0  entry10a.o(.ARM.Collect$$$$0000000D)
    .ARM.Collect$$$$0000000F                 0x0000027c   Section        0  entry11a.o(.ARM.Collect$$$$0000000F)
    .ARM.Collect$$$$00002712                 0x0000027c   Section        4  entry2.o(.ARM.Collect$$$$00002712)
    $v0                                      0x00000280   Number         0  startup_tm4c123.o(.text)
    .text                                    0x00000280   Section      252  startup_tm4c123.o(.text)
    .text                                    0x0000037c   Section        0  memcpya.o(.text)
    .text                                    0x000003a0   Section        0  memseta.o(.text)
    .text                                    0x000003c4   Section        0  uidiv.o(.text)
    .text                                    0x000003f0   Section        0  uldiv.o(.text)
    .text                                    0x00000452   Section        0  iusefp.o(.text)
    .text                                    0x00000452   Section        0  dadd.o(.text)
    .text                                    0x000005a0   Section        0  dmul.o(.text)
    .text                                    0x00000684   Section        0  ddiv.o(.text)
    .text                                    0x00000762   Section        0  dfixul.o(.text)
    .text                                    0x00000794   Section       48  cdrcmple.o(.text)
    .text                                    0x000007c4   Section       48  init.o(.text)
    .text                                    0x000007f4   Section        0  llshl.o(.text)
    .text                                    0x00000812   Section        0  llushr.o(.text)
    .text                                    0x00000832   Section        0  llsshr.o(.text)
    .text                                    0x00000856   Section        0  depilogue.o(.text)
    GPIO_Init                                0x00000911   Thumb Code   496  main.o(.text.GPIO_Init)
    [Anonymous Symbol]                       0x00000910   Section        0  main.o(.text.GPIO_Init)
    GetGateState                             0x00000b01   Thumb Code    60  main.o(.text.GetGateState)
    [Anonymous Symbol]                       0x00000b00   Section        0  main.o(.text.GetGateState)
    GetStateName                             0x00000b3d   Thumb Code   120  main.o(.text.GetStateName)
    [Anonymous Symbol]                       0x00000b3c   Section        0  main.o(.text.GetStateName)
    ITM_SendChar                             0x00000bb5   Thumb Code    68  stdout_itm.o(.text.ITM_SendChar)
    [Anonymous Symbol]                       0x00000bb4   Section        0  stdout_itm.o(.text.ITM_SendChar)
    LED_SetGreen                             0x00000bf9   Thumb Code    50  main.o(.text.LED_SetGreen)
    [Anonymous Symbol]                       0x00000bf8   Section        0  main.o(.text.LED_SetGreen)
    LED_SetRed                               0x00000c2d   Thumb Code    50  main.o(.text.LED_SetRed)
    [Anonymous Symbol]                       0x00000c2c   Section        0  main.o(.text.LED_SetRed)
    [Anonymous Symbol]                       0x00000c60   Section        0  port.o(.text.PendSV_Handler)
    Read_ClosedLimit                         0x00000cc1   Thumb Code    16  main.o(.text.Read_ClosedLimit)
    [Anonymous Symbol]                       0x00000cc0   Section        0  main.o(.text.Read_ClosedLimit)
    Read_DriverClose                         0x00000cd1   Thumb Code    16  main.o(.text.Read_DriverClose)
    [Anonymous Symbol]                       0x00000cd0   Section        0  main.o(.text.Read_DriverClose)
    Read_DriverOpen                          0x00000ce1   Thumb Code    16  main.o(.text.Read_DriverOpen)
    [Anonymous Symbol]                       0x00000ce0   Section        0  main.o(.text.Read_DriverOpen)
    Read_ManualMode                          0x00000cf1   Thumb Code    16  main.o(.text.Read_ManualMode)
    [Anonymous Symbol]                       0x00000cf0   Section        0  main.o(.text.Read_ManualMode)
    Read_Obstacle                            0x00000d01   Thumb Code    22  main.o(.text.Read_Obstacle)
    [Anonymous Symbol]                       0x00000d00   Section        0  main.o(.text.Read_Obstacle)
    Read_OpenLimit                           0x00000d19   Thumb Code    16  main.o(.text.Read_OpenLimit)
    [Anonymous Symbol]                       0x00000d18   Section        0  main.o(.text.Read_OpenLimit)
    Read_SecurityClose                       0x00000d29   Thumb Code    16  main.o(.text.Read_SecurityClose)
    [Anonymous Symbol]                       0x00000d28   Section        0  main.o(.text.Read_SecurityClose)
    Read_SecurityOpen                        0x00000d39   Thumb Code    16  main.o(.text.Read_SecurityOpen)
    [Anonymous Symbol]                       0x00000d38   Section        0  main.o(.text.Read_SecurityOpen)
    [Anonymous Symbol]                       0x00000d48   Section        0  port.o(.text.SVC_Handler)
    SetGateState                             0x00000d69   Thumb Code    60  main.o(.text.SetGateState)
    [Anonymous Symbol]                       0x00000d68   Section        0  main.o(.text.SetGateState)
    [Anonymous Symbol]                       0x00000da4   Section        0  cmsis_os2.o(.text.SysTick_Handler)
    [Anonymous Symbol]                       0x00000dc4   Section        0  system_tm4c123.o(.text.SystemInit)
    [Anonymous Symbol]                       0x00000dd8   Section        0  retarget_io.o(.text.fputc)
    [Anonymous Symbol]                       0x00000e08   Section        0  main.o(.text.main)
    prvAddCurrentTaskToDelayedList           0x00000fc5   Thumb Code   270  tasks.o(.text.prvAddCurrentTaskToDelayedList)
    [Anonymous Symbol]                       0x00000fc4   Section        0  tasks.o(.text.prvAddCurrentTaskToDelayedList)
    prvAddNewTaskToReadyList                 0x000010d5   Thumb Code   368  tasks.o(.text.prvAddNewTaskToReadyList)
    [Anonymous Symbol]                       0x000010d4   Section        0  tasks.o(.text.prvAddNewTaskToReadyList)
    prvCheckForValidListAndQueue             0x00001245   Thumb Code   126  timers.o(.text.prvCheckForValidListAndQueue)
    [Anonymous Symbol]                       0x00001244   Section        0  timers.o(.text.prvCheckForValidListAndQueue)
    prvCheckTasksWaitingTermination          0x000012c5   Thumb Code    90  tasks.o(.text.prvCheckTasksWaitingTermination)
    [Anonymous Symbol]                       0x000012c4   Section        0  tasks.o(.text.prvCheckTasksWaitingTermination)
    prvCopyDataFromQueue                     0x00001321   Thumb Code    66  queue.o(.text.prvCopyDataFromQueue)
    [Anonymous Symbol]                       0x00001320   Section        0  queue.o(.text.prvCopyDataFromQueue)
    prvCopyDataToQueue                       0x00001365   Thumb Code   204  queue.o(.text.prvCopyDataToQueue)
    [Anonymous Symbol]                       0x00001364   Section        0  queue.o(.text.prvCopyDataToQueue)
    prvCreateIdleTasks                       0x00001431   Thumb Code   216  tasks.o(.text.prvCreateIdleTasks)
    [Anonymous Symbol]                       0x00001430   Section        0  tasks.o(.text.prvCreateIdleTasks)
    prvCreateStaticTask                      0x00001509   Thumb Code   170  tasks.o(.text.prvCreateStaticTask)
    [Anonymous Symbol]                       0x00001508   Section        0  tasks.o(.text.prvCreateStaticTask)
    prvCreateTask                            0x000015b5   Thumb Code   142  tasks.o(.text.prvCreateTask)
    [Anonymous Symbol]                       0x000015b4   Section        0  tasks.o(.text.prvCreateTask)
    prvDeleteTCB                             0x00001645   Thumb Code    80  tasks.o(.text.prvDeleteTCB)
    [Anonymous Symbol]                       0x00001644   Section        0  tasks.o(.text.prvDeleteTCB)
    prvGetHighestPriorityOfWaitToReceiveList 0x00001695   Thumb Code    38  queue.o(.text.prvGetHighestPriorityOfWaitToReceiveList)
    [Anonymous Symbol]                       0x00001694   Section        0  queue.o(.text.prvGetHighestPriorityOfWaitToReceiveList)
    prvGetNextExpireTime                     0x000016bd   Thumb Code    64  timers.o(.text.prvGetNextExpireTime)
    [Anonymous Symbol]                       0x000016bc   Section        0  timers.o(.text.prvGetNextExpireTime)
    prvHeapInit                              0x000016fd   Thumb Code   170  heap_4.o(.text.prvHeapInit)
    [Anonymous Symbol]                       0x000016fc   Section        0  heap_4.o(.text.prvHeapInit)
    prvIdleTask                              0x000017a9   Thumb Code    56  tasks.o(.text.prvIdleTask)
    [Anonymous Symbol]                       0x000017a8   Section        0  tasks.o(.text.prvIdleTask)
    prvInitialiseMutex                       0x000017e1   Thumb Code    44  queue.o(.text.prvInitialiseMutex)
    [Anonymous Symbol]                       0x000017e0   Section        0  queue.o(.text.prvInitialiseMutex)
    prvInitialiseNewQueue                    0x0000180d   Thumb Code    72  queue.o(.text.prvInitialiseNewQueue)
    [Anonymous Symbol]                       0x0000180c   Section        0  queue.o(.text.prvInitialiseNewQueue)
    prvInitialiseNewTask                     0x00001855   Thumb Code   264  tasks.o(.text.prvInitialiseNewTask)
    [Anonymous Symbol]                       0x00001854   Section        0  tasks.o(.text.prvInitialiseNewTask)
    prvInitialiseTaskLists                   0x0000195d   Thumb Code   142  tasks.o(.text.prvInitialiseTaskLists)
    [Anonymous Symbol]                       0x0000195c   Section        0  tasks.o(.text.prvInitialiseTaskLists)
    prvInsertBlockIntoFreeList               0x000019ed   Thumb Code   280  heap_4.o(.text.prvInsertBlockIntoFreeList)
    [Anonymous Symbol]                       0x000019ec   Section        0  heap_4.o(.text.prvInsertBlockIntoFreeList)
    prvInsertTimerInActiveList               0x00001b05   Thumb Code   134  timers.o(.text.prvInsertTimerInActiveList)
    [Anonymous Symbol]                       0x00001b04   Section        0  timers.o(.text.prvInsertTimerInActiveList)
    prvIsQueueEmpty                          0x00001b8d   Thumb Code    40  queue.o(.text.prvIsQueueEmpty)
    [Anonymous Symbol]                       0x00001b8c   Section        0  queue.o(.text.prvIsQueueEmpty)
    prvIsQueueFull                           0x00001bb5   Thumb Code    46  queue.o(.text.prvIsQueueFull)
    [Anonymous Symbol]                       0x00001bb4   Section        0  queue.o(.text.prvIsQueueFull)
    prvPortStartFirstTask                    0x00001be5   Thumb Code    40  port.o(.text.prvPortStartFirstTask)
    [Anonymous Symbol]                       0x00001be4   Section        0  port.o(.text.prvPortStartFirstTask)
    prvProcessExpiredTimer                   0x00001c0d   Thumb Code    84  timers.o(.text.prvProcessExpiredTimer)
    [Anonymous Symbol]                       0x00001c0c   Section        0  timers.o(.text.prvProcessExpiredTimer)
    prvProcessReceivedCommands               0x00001c61   Thumb Code   378  timers.o(.text.prvProcessReceivedCommands)
    [Anonymous Symbol]                       0x00001c60   Section        0  timers.o(.text.prvProcessReceivedCommands)
    prvProcessTimerOrBlockTask               0x00001ddd   Thumb Code   154  timers.o(.text.prvProcessTimerOrBlockTask)
    [Anonymous Symbol]                       0x00001ddc   Section        0  timers.o(.text.prvProcessTimerOrBlockTask)
    prvReloadTimer                           0x00001e79   Thumb Code    52  timers.o(.text.prvReloadTimer)
    [Anonymous Symbol]                       0x00001e78   Section        0  timers.o(.text.prvReloadTimer)
    prvResetNextTaskUnblockTime              0x00001ead   Thumb Code    60  tasks.o(.text.prvResetNextTaskUnblockTime)
    [Anonymous Symbol]                       0x00001eac   Section        0  tasks.o(.text.prvResetNextTaskUnblockTime)
    prvSampleTimeNow                         0x00001ee9   Thumb Code    68  timers.o(.text.prvSampleTimeNow)
    [Anonymous Symbol]                       0x00001ee8   Section        0  timers.o(.text.prvSampleTimeNow)
    prvSwitchTimerLists                      0x00001f2d   Thumb Code    82  timers.o(.text.prvSwitchTimerLists)
    [Anonymous Symbol]                       0x00001f2c   Section        0  timers.o(.text.prvSwitchTimerLists)
    prvTaskExitError                         0x00001f81   Thumb Code    62  port.o(.text.prvTaskExitError)
    [Anonymous Symbol]                       0x00001f80   Section        0  port.o(.text.prvTaskExitError)
    prvTimerTask                             0x00001fc1   Thumb Code    30  timers.o(.text.prvTimerTask)
    [Anonymous Symbol]                       0x00001fc0   Section        0  timers.o(.text.prvTimerTask)
    prvUnlockQueue                           0x00001fe1   Thumb Code   174  queue.o(.text.prvUnlockQueue)
    [Anonymous Symbol]                       0x00001fe0   Section        0  queue.o(.text.prvUnlockQueue)
    [Anonymous Symbol]                       0x00002090   Section        0  heap_4.o(.text.pvPortMalloc)
    [Anonymous Symbol]                       0x00002348   Section        0  tasks.o(.text.pvTaskIncrementMutexHeldCount)
    [Anonymous Symbol]                       0x0000236c   Section        0  port.o(.text.pxPortInitialiseStack)
    [Anonymous Symbol]                       0x000023cc   Section        0  stdout_itm.o(.text.stdout_putchar)
    [Anonymous Symbol]                       0x000023dc   Section        0  list.o(.text.uxListRemove)
    [Anonymous Symbol]                       0x00002424   Section        0  tasks.o(.text.vApplicationGetIdleTaskMemory)
    [Anonymous Symbol]                       0x00002450   Section        0  tasks.o(.text.vApplicationGetTimerTaskMemory)
    [Anonymous Symbol]                       0x0000247c   Section        0  main.o(.text.vApplicationStackOverflowHook)
    vGateControlTask                         0x00002499   Thumb Code   820  main.o(.text.vGateControlTask)
    [Anonymous Symbol]                       0x00002498   Section        0  main.o(.text.vGateControlTask)
    vInputTask                               0x000027cd   Thumb Code   428  main.o(.text.vInputTask)
    [Anonymous Symbol]                       0x000027cc   Section        0  main.o(.text.vInputTask)
    vLedControlTask                          0x00002979   Thumb Code   122  main.o(.text.vLedControlTask)
    [Anonymous Symbol]                       0x00002978   Section        0  main.o(.text.vLedControlTask)
    [Anonymous Symbol]                       0x000029f4   Section        0  list.o(.text.vListInitialise)
    [Anonymous Symbol]                       0x00002a24   Section        0  list.o(.text.vListInitialiseItem)
    [Anonymous Symbol]                       0x00002a34   Section        0  list.o(.text.vListInsert)
    vPortEnableVFP                           0x00002aa1   Thumb Code    20  port.o(.text.vPortEnableVFP)
    [Anonymous Symbol]                       0x00002aa0   Section        0  port.o(.text.vPortEnableVFP)
    [Anonymous Symbol]                       0x00002ab4   Section        0  port.o(.text.vPortEnterCritical)
    [Anonymous Symbol]                       0x00002afc   Section        0  port.o(.text.vPortExitCritical)
    [Anonymous Symbol]                       0x00002b38   Section        0  heap_4.o(.text.vPortFree)
    [Anonymous Symbol]                       0x00002c18   Section        0  port.o(.text.vPortSetupTimerInterrupt)
    [Anonymous Symbol]                       0x00002c5c   Section        0  queue.o(.text.vQueueWaitForMessageRestricted)
    vSafetyTask                              0x00002cc1   Thumb Code   112  main.o(.text.vSafetyTask)
    [Anonymous Symbol]                       0x00002cc0   Section        0  main.o(.text.vSafetyTask)
    vStatusTask                              0x00002d31   Thumb Code   224  main.o(.text.vStatusTask)
    [Anonymous Symbol]                       0x00002d30   Section        0  main.o(.text.vStatusTask)
    [Anonymous Symbol]                       0x00002e10   Section        0  tasks.o(.text.vTaskDelay)
    [Anonymous Symbol]                       0x00002e74   Section        0  tasks.o(.text.vTaskInternalSetTimeOutState)
    [Anonymous Symbol]                       0x00002e98   Section        0  tasks.o(.text.vTaskMissedYield)
    [Anonymous Symbol]                       0x00002ea8   Section        0  tasks.o(.text.vTaskPlaceOnEventList)
    [Anonymous Symbol]                       0x00002edc   Section        0  tasks.o(.text.vTaskPlaceOnEventListRestricted)
    [Anonymous Symbol]                       0x00002f50   Section        0  tasks.o(.text.vTaskPriorityDisinheritAfterTimeout)
    [Anonymous Symbol]                       0x000030b8   Section        0  tasks.o(.text.vTaskStartScheduler)
    [Anonymous Symbol]                       0x0000313c   Section        0  tasks.o(.text.vTaskSuspendAll)
    __tagsym$$used.0                         0x0000314c   Number         0  tasks.o(.text.vTaskSwitchContext)
    [Anonymous Symbol]                       0x0000314c   Section        0  tasks.o(.text.vTaskSwitchContext)
    [Anonymous Symbol]                       0x00003284   Section        0  port.o(.text.xPortStartScheduler)
    [Anonymous Symbol]                       0x00003430   Section        0  port.o(.text.xPortSysTickHandler)
    [Anonymous Symbol]                       0x00003470   Section        0  queue.o(.text.xQueueCreateMutex)
    [Anonymous Symbol]                       0x00003498   Section        0  queue.o(.text.xQueueGenericCreate)
    [Anonymous Symbol]                       0x0000352c   Section        0  queue.o(.text.xQueueGenericCreateStatic)
    [Anonymous Symbol]                       0x000035cc   Section        0  queue.o(.text.xQueueGenericReset)
    [Anonymous Symbol]                       0x000036b8   Section        0  queue.o(.text.xQueueGenericSend)
    [Anonymous Symbol]                       0x000038ac   Section        0  queue.o(.text.xQueueReceive)
    [Anonymous Symbol]                       0x00003a60   Section        0  queue.o(.text.xQueueSemaphoreTake)
    [Anonymous Symbol]                       0x00003c48   Section        0  tasks.o(.text.xTaskCheckForTimeOut)
    [Anonymous Symbol]                       0x00003d28   Section        0  tasks.o(.text.xTaskCreate)
    [Anonymous Symbol]                       0x00003d7c   Section        0  tasks.o(.text.xTaskCreateStatic)
    [Anonymous Symbol]                       0x00003dd8   Section        0  tasks.o(.text.xTaskGetSchedulerState)
    [Anonymous Symbol]                       0x00003e10   Section        0  tasks.o(.text.xTaskGetTickCount)
    [Anonymous Symbol]                       0x00003e24   Section        0  tasks.o(.text.xTaskIncrementTick)
    [Anonymous Symbol]                       0x0000409c   Section        0  tasks.o(.text.xTaskPriorityDisinherit)
    [Anonymous Symbol]                       0x000041bc   Section        0  tasks.o(.text.xTaskPriorityInherit)
    [Anonymous Symbol]                       0x00004318   Section        0  tasks.o(.text.xTaskRemoveFromEventList)
    [Anonymous Symbol]                       0x000044bc   Section        0  tasks.o(.text.xTaskResumeAll)
    [Anonymous Symbol]                       0x00004704   Section        0  timers.o(.text.xTimerCreateTimerTask)
    i.__0printf                              0x0000478c   Section        0  printfa.o(i.__0printf)
    i.__scatterload_copy                     0x000047ac   Section       14  handlers.o(i.__scatterload_copy)
    i.__scatterload_null                     0x000047ba   Section        2  handlers.o(i.__scatterload_null)
    i.__scatterload_zeroinit                 0x000047bc   Section       14  handlers.o(i.__scatterload_zeroinit)
    _fp_digits                               0x000047cd   Thumb Code   366  printfa.o(i._fp_digits)
    i._fp_digits                             0x000047cc   Section        0  printfa.o(i._fp_digits)
    _printf_core                             0x00004951   Thumb Code  1744  printfa.o(i._printf_core)
    i._printf_core                           0x00004950   Section        0  printfa.o(i._printf_core)
    _printf_post_padding                     0x0000502d   Thumb Code    36  printfa.o(i._printf_post_padding)
    i._printf_post_padding                   0x0000502c   Section        0  printfa.o(i._printf_post_padding)
    _printf_pre_padding                      0x00005051   Thumb Code    46  printfa.o(i._printf_pre_padding)
    i._printf_pre_padding                    0x00005050   Section        0  printfa.o(i._printf_pre_padding)
    .L.str.25                                0x0000507e   Data          32  main.o(.rodata.str1.1)
    [Anonymous Symbol]                       0x0000507e   Section        0  main.o(.rodata.str1.1)
    .L.str.7                                 0x0000509e   Data          51  main.o(.rodata.str1.1)
    .L.str.1                                 0x000050d1   Data          40  main.o(.rodata.str1.1)
    .L.str.15                                0x000050f9   Data          51  main.o(.rodata.str1.1)
    .L.str.20                                0x0000512c   Data          52  main.o(.rodata.str1.1)
    .L.str.12                                0x00005160   Data          55  main.o(.rodata.str1.1)
    .L.str.26                                0x00005197   Data          24  main.o(.rodata.str1.1)
    .L.str.31                                0x000051af   Data          23  main.o(.rodata.str1.1)
    .L.str.23                                0x000051c6   Data          43  main.o(.rodata.str1.1)
    .L.str.24                                0x000051f1   Data          28  main.o(.rodata.str1.1)
    .L.str.10                                0x0000520d   Data          44  main.o(.rodata.str1.1)
    .L.str.22                                0x00005239   Data          46  main.o(.rodata.str1.1)
    .L.str.28                                0x00005267   Data          31  main.o(.rodata.str1.1)
    .L.str.30                                0x00005286   Data          31  main.o(.rodata.str1.1)
    .L.str.16                                0x000052a5   Data          38  main.o(.rodata.str1.1)
    .L.str.14                                0x000052cb   Data          52  main.o(.rodata.str1.1)
    .L.str.21                                0x000052ff   Data          39  main.o(.rodata.str1.1)
    .L.str.19                                0x00005326   Data          53  main.o(.rodata.str1.1)
    .L.str.9                                 0x0000535b   Data          40  main.o(.rodata.str1.1)
    .L.str.17                                0x00005383   Data          43  main.o(.rodata.str1.1)
    .L.str.29                                0x000053ae   Data          30  main.o(.rodata.str1.1)
    .L.str.11                                0x000053cc   Data          47  main.o(.rodata.str1.1)
    .L.str.18                                0x000053fb   Data          52  main.o(.rodata.str1.1)
    .L.str.13                                0x0000542f   Data          51  main.o(.rodata.str1.1)
    .L.str.8                                 0x00005462   Data          40  main.o(.rodata.str1.1)
    .L.str.27                                0x0000548a   Data          11  main.o(.rodata.str1.1)
    .L.str                                   0x00005495   Data          36  main.o(.rodata.str1.1)
    .L.str.32                                0x000054b9   Data          12  main.o(.rodata.str1.1)
    .L.str.34                                0x000054c5   Data           8  main.o(.rodata.str1.1)
    .L.str.35                                0x000054cd   Data           8  main.o(.rodata.str1.1)
    .L.str.37                                0x000054d5   Data          10  main.o(.rodata.str1.1)
    .L.str.33                                0x000054df   Data          10  main.o(.rodata.str1.1)
    .L.str.38                                0x000054e9   Data           8  main.o(.rodata.str1.1)
    .L.str.36                                0x000054f1   Data          15  main.o(.rodata.str1.1)
    .L.str.5                                 0x00005500   Data           8  main.o(.rodata.str1.1)
    .L.str.4                                 0x00005508   Data           9  main.o(.rodata.str1.1)
    .L.str.6                                 0x00005511   Data           7  main.o(.rodata.str1.1)
    .L.str.3                                 0x00005518   Data           6  main.o(.rodata.str1.1)
    .L.str.2                                 0x0000551e   Data           7  main.o(.rodata.str1.1)
    .L.str                                   0x00005525   Data           5  tasks.o(.rodata.str1.1)
    [Anonymous Symbol]                       0x00005525   Section        0  tasks.o(.rodata.str1.1)
    .L.str                                   0x0000552a   Data           8  timers.o(.rodata.str1.1)
    [Anonymous Symbol]                       0x0000552a   Section        0  timers.o(.rodata.str1.1)
    uxTopUsedPriority                        0x00005534   Data           4  tasks.o(.rodata.uxTopUsedPriority)
    [Anonymous Symbol]                       0x00005534   Section        0  tasks.o(.rodata.uxTopUsedPriority)
    .data                                    0x20000000   Section        4  stdout.o(.data)
    uxCriticalNesting                        0x20000008   Data           4  port.o(.data.uxCriticalNesting)
    [Anonymous Symbol]                       0x20000008   Section        0  port.o(.data.uxCriticalNesting)
    gateState                                0x20000010   Data           1  main.o(.bss.gateState)
    [Anonymous Symbol]                       0x20000010   Section        0  main.o(.bss.gateState)
    prvCheckForValidListAndQueue.ucStaticTimerQueueStorage 0x20000011   Data          80  timers.o(.bss.prvCheckForValidListAndQueue.ucStaticTimerQueueStorage)
    [Anonymous Symbol]                       0x20000011   Section        0  timers.o(.bss.prvCheckForValidListAndQueue.ucStaticTimerQueueStorage)
    prvCheckForValidListAndQueue.xStaticTimerQueue 0x20000064   Data          80  timers.o(.bss.prvCheckForValidListAndQueue.xStaticTimerQueue)
    [Anonymous Symbol]                       0x20000064   Section        0  timers.o(.bss.prvCheckForValidListAndQueue.xStaticTimerQueue)
    prvSampleTimeNow.xLastTime               0x200000b4   Data           4  timers.o(.bss.prvSampleTimeNow.xLastTime)
    [Anonymous Symbol]                       0x200000b4   Section        0  timers.o(.bss.prvSampleTimeNow.xLastTime)
    __tagsym$$used.1                         0x200000b8   Number         0  tasks.o(.bss.pxCurrentTCB)
    pxCurrentTimerList                       0x200000bc   Data           4  timers.o(.bss.pxCurrentTimerList)
    [Anonymous Symbol]                       0x200000bc   Section        0  timers.o(.bss.pxCurrentTimerList)
    pxDelayedTaskList                        0x200000c0   Data           4  tasks.o(.bss.pxDelayedTaskList)
    [Anonymous Symbol]                       0x200000c0   Section        0  tasks.o(.bss.pxDelayedTaskList)
    pxEnd                                    0x200000c4   Data           4  heap_4.o(.bss.pxEnd)
    [Anonymous Symbol]                       0x200000c4   Section        0  heap_4.o(.bss.pxEnd)
    pxOverflowDelayedTaskList                0x200000c8   Data           4  tasks.o(.bss.pxOverflowDelayedTaskList)
    [Anonymous Symbol]                       0x200000c8   Section        0  tasks.o(.bss.pxOverflowDelayedTaskList)
    pxOverflowTimerList                      0x200000cc   Data           4  timers.o(.bss.pxOverflowTimerList)
    [Anonymous Symbol]                       0x200000cc   Section        0  timers.o(.bss.pxOverflowTimerList)
    pxReadyTasksLists                        0x200000d0   Data        1120  tasks.o(.bss.pxReadyTasksLists)
    [Anonymous Symbol]                       0x200000d0   Section        0  tasks.o(.bss.pxReadyTasksLists)
    securityActive                           0x20000530   Data           4  main.o(.bss.securityActive)
    [Anonymous Symbol]                       0x20000530   Section        0  main.o(.bss.securityActive)
    ucHeap                                   0x20000534   Data       16384  heap_4.o(.bss.ucHeap)
    [Anonymous Symbol]                       0x20000534   Section        0  heap_4.o(.bss.ucHeap)
    ucMaxSysCallPriority                     0x20004534   Data           1  port.o(.bss.ucMaxSysCallPriority)
    [Anonymous Symbol]                       0x20004534   Section        0  port.o(.bss.ucMaxSysCallPriority)
    ulMaxPRIGROUPValue                       0x20004538   Data           4  port.o(.bss.ulMaxPRIGROUPValue)
    [Anonymous Symbol]                       0x20004538   Section        0  port.o(.bss.ulMaxPRIGROUPValue)
    uxCurrentNumberOfTasks                   0x2000453c   Data           4  tasks.o(.bss.uxCurrentNumberOfTasks)
    [Anonymous Symbol]                       0x2000453c   Section        0  tasks.o(.bss.uxCurrentNumberOfTasks)
    uxDeletedTasksWaitingCleanUp             0x20004540   Data           4  tasks.o(.bss.uxDeletedTasksWaitingCleanUp)
    [Anonymous Symbol]                       0x20004540   Section        0  tasks.o(.bss.uxDeletedTasksWaitingCleanUp)
    uxSchedulerSuspended                     0x20004544   Data           4  tasks.o(.bss.uxSchedulerSuspended)
    [Anonymous Symbol]                       0x20004544   Section        0  tasks.o(.bss.uxSchedulerSuspended)
    uxTaskNumber                             0x20004548   Data           4  tasks.o(.bss.uxTaskNumber)
    [Anonymous Symbol]                       0x20004548   Section        0  tasks.o(.bss.uxTaskNumber)
    uxTopReadyPriority                       0x2000454c   Data           4  tasks.o(.bss.uxTopReadyPriority)
    [Anonymous Symbol]                       0x2000454c   Section        0  tasks.o(.bss.uxTopReadyPriority)
    vApplicationGetIdleTaskMemory.uxIdleTaskStack 0x20004550   Data         512  tasks.o(.bss.vApplicationGetIdleTaskMemory.uxIdleTaskStack)
    [Anonymous Symbol]                       0x20004550   Section        0  tasks.o(.bss.vApplicationGetIdleTaskMemory.uxIdleTaskStack)
    vApplicationGetIdleTaskMemory.xIdleTaskTCB 0x20004750   Data          92  tasks.o(.bss.vApplicationGetIdleTaskMemory.xIdleTaskTCB)
    [Anonymous Symbol]                       0x20004750   Section        0  tasks.o(.bss.vApplicationGetIdleTaskMemory.xIdleTaskTCB)
    vApplicationGetTimerTaskMemory.uxTimerTaskStack 0x200047ac   Data         512  tasks.o(.bss.vApplicationGetTimerTaskMemory.uxTimerTaskStack)
    [Anonymous Symbol]                       0x200047ac   Section        0  tasks.o(.bss.vApplicationGetTimerTaskMemory.uxTimerTaskStack)
    vApplicationGetTimerTaskMemory.xTimerTaskTCB 0x200049ac   Data          92  tasks.o(.bss.vApplicationGetTimerTaskMemory.xTimerTaskTCB)
    [Anonymous Symbol]                       0x200049ac   Section        0  tasks.o(.bss.vApplicationGetTimerTaskMemory.xTimerTaskTCB)
    xActiveTimerList1                        0x20004a08   Data          20  timers.o(.bss.xActiveTimerList1)
    [Anonymous Symbol]                       0x20004a08   Section        0  timers.o(.bss.xActiveTimerList1)
    xActiveTimerList2                        0x20004a1c   Data          20  timers.o(.bss.xActiveTimerList2)
    [Anonymous Symbol]                       0x20004a1c   Section        0  timers.o(.bss.xActiveTimerList2)
    xButtonEventQueue                        0x20004a30   Data           4  main.o(.bss.xButtonEventQueue)
    [Anonymous Symbol]                       0x20004a30   Section        0  main.o(.bss.xButtonEventQueue)
    xClosedLimitSemaphore                    0x20004a34   Data           4  main.o(.bss.xClosedLimitSemaphore)
    [Anonymous Symbol]                       0x20004a34   Section        0  main.o(.bss.xClosedLimitSemaphore)
    xDelayedTaskList1                        0x20004a38   Data          20  tasks.o(.bss.xDelayedTaskList1)
    [Anonymous Symbol]                       0x20004a38   Section        0  tasks.o(.bss.xDelayedTaskList1)
    xDelayedTaskList2                        0x20004a4c   Data          20  tasks.o(.bss.xDelayedTaskList2)
    [Anonymous Symbol]                       0x20004a4c   Section        0  tasks.o(.bss.xDelayedTaskList2)
    xFreeBytesRemaining                      0x20004a60   Data           4  heap_4.o(.bss.xFreeBytesRemaining)
    [Anonymous Symbol]                       0x20004a60   Section        0  heap_4.o(.bss.xFreeBytesRemaining)
    xGateCtrlTaskHandle                      0x20004a64   Data           4  main.o(.bss.xGateCtrlTaskHandle)
    [Anonymous Symbol]                       0x20004a64   Section        0  main.o(.bss.xGateCtrlTaskHandle)
    xGateStateMutex                          0x20004a68   Data           4  main.o(.bss.xGateStateMutex)
    [Anonymous Symbol]                       0x20004a68   Section        0  main.o(.bss.xGateStateMutex)
    xIdleTaskHandles                         0x20004a6c   Data           4  tasks.o(.bss.xIdleTaskHandles)
    [Anonymous Symbol]                       0x20004a6c   Section        0  tasks.o(.bss.xIdleTaskHandles)
    xInputTaskHandle                         0x20004a70   Data           4  main.o(.bss.xInputTaskHandle)
    [Anonymous Symbol]                       0x20004a70   Section        0  main.o(.bss.xInputTaskHandle)
    xLedCtrlTaskHandle                       0x20004a74   Data           4  main.o(.bss.xLedCtrlTaskHandle)
    [Anonymous Symbol]                       0x20004a74   Section        0  main.o(.bss.xLedCtrlTaskHandle)
    xMinimumEverFreeBytesRemaining           0x20004a78   Data           4  heap_4.o(.bss.xMinimumEverFreeBytesRemaining)
    [Anonymous Symbol]                       0x20004a78   Section        0  heap_4.o(.bss.xMinimumEverFreeBytesRemaining)
    xNextTaskUnblockTime                     0x20004a7c   Data           4  tasks.o(.bss.xNextTaskUnblockTime)
    [Anonymous Symbol]                       0x20004a7c   Section        0  tasks.o(.bss.xNextTaskUnblockTime)
    xNumOfOverflows                          0x20004a80   Data           4  tasks.o(.bss.xNumOfOverflows)
    [Anonymous Symbol]                       0x20004a80   Section        0  tasks.o(.bss.xNumOfOverflows)
    xNumberOfSuccessfulAllocations           0x20004a84   Data           4  heap_4.o(.bss.xNumberOfSuccessfulAllocations)
    [Anonymous Symbol]                       0x20004a84   Section        0  heap_4.o(.bss.xNumberOfSuccessfulAllocations)
    xNumberOfSuccessfulFrees                 0x20004a88   Data           4  heap_4.o(.bss.xNumberOfSuccessfulFrees)
    [Anonymous Symbol]                       0x20004a88   Section        0  heap_4.o(.bss.xNumberOfSuccessfulFrees)
    xObstacleSemaphore                       0x20004a8c   Data           4  main.o(.bss.xObstacleSemaphore)
    [Anonymous Symbol]                       0x20004a8c   Section        0  main.o(.bss.xObstacleSemaphore)
    xOpenLimitSemaphore                      0x20004a90   Data           4  main.o(.bss.xOpenLimitSemaphore)
    [Anonymous Symbol]                       0x20004a90   Section        0  main.o(.bss.xOpenLimitSemaphore)
    xPendedTicks                             0x20004a94   Data           4  tasks.o(.bss.xPendedTicks)
    [Anonymous Symbol]                       0x20004a94   Section        0  tasks.o(.bss.xPendedTicks)
    xPendingReadyList                        0x20004a98   Data          20  tasks.o(.bss.xPendingReadyList)
    [Anonymous Symbol]                       0x20004a98   Section        0  tasks.o(.bss.xPendingReadyList)
    xSafetyTaskHandle                        0x20004aac   Data           4  main.o(.bss.xSafetyTaskHandle)
    [Anonymous Symbol]                       0x20004aac   Section        0  main.o(.bss.xSafetyTaskHandle)
    xSchedulerRunning                        0x20004ab0   Data           4  tasks.o(.bss.xSchedulerRunning)
    [Anonymous Symbol]                       0x20004ab0   Section        0  tasks.o(.bss.xSchedulerRunning)
    xStart                                   0x20004ab4   Data           8  heap_4.o(.bss.xStart)
    [Anonymous Symbol]                       0x20004ab4   Section        0  heap_4.o(.bss.xStart)
    xStatusTaskHandle                        0x20004abc   Data           4  main.o(.bss.xStatusTaskHandle)
    [Anonymous Symbol]                       0x20004abc   Section        0  main.o(.bss.xStatusTaskHandle)
    xSuspendedTaskList                       0x20004ac0   Data          20  tasks.o(.bss.xSuspendedTaskList)
    [Anonymous Symbol]                       0x20004ac0   Section        0  tasks.o(.bss.xSuspendedTaskList)
    xTasksWaitingTermination                 0x20004ad4   Data          20  tasks.o(.bss.xTasksWaitingTermination)
    [Anonymous Symbol]                       0x20004ad4   Section        0  tasks.o(.bss.xTasksWaitingTermination)
    xTickCount                               0x20004ae8   Data           4  tasks.o(.bss.xTickCount)
    [Anonymous Symbol]                       0x20004ae8   Section        0  tasks.o(.bss.xTickCount)
    xTimerQueue                              0x20004aec   Data           4  timers.o(.bss.xTimerQueue)
    [Anonymous Symbol]                       0x20004aec   Section        0  timers.o(.bss.xTimerQueue)
    xTimerTaskHandle                         0x20004af0   Data           4  timers.o(.bss.xTimerTaskHandle)
    [Anonymous Symbol]                       0x20004af0   Section        0  timers.o(.bss.xTimerTaskHandle)
    xYieldPendings                           0x20004af4   Data           4  tasks.o(.bss.xYieldPendings)
    [Anonymous Symbol]                       0x20004af4   Section        0  tasks.o(.bss.xYieldPendings)
    STACK                                    0x20004af8   Section     1024  startup_tm4c123.o(STACK)

    Global Symbols

    Symbol Name                              Value     Ov Type        Size  Object(Section)

    BuildAttributes$$THM_ISAv4$E$P$D$K$B$S$7EM$VFPi3$EXTD16$VFPS$VFMA$PE$A:L22UL41UL21$X:L11$S22US41US21$IEEE1$IW$~IW$USESV6$~STKCKD$USESV7$~SHL$OSPACE$ROPI$EBA8$MICROLIB$REQ8$PRES8$EABIv2 0x00000000   Number         0  anon$$obj.o ABSOLUTE
    __Vectors                                0x00000000   Data           4  startup_tm4c123.o(RESET)
    __cpp_initialize__aeabi_                  - Undefined Weak Reference
    __cxa_finalize                            - Undefined Weak Reference
    __decompress                              - Undefined Weak Reference
    _clock_init                               - Undefined Weak Reference
    _microlib_exit                            - Undefined Weak Reference
    __Vectors_End                            0x0000026c   Data           0  startup_tm4c123.o(RESET)
    __Vectors_Size                           0x0000026c   Number         0  startup_tm4c123.o ABSOLUTE
    __main                                   0x0000026d   Thumb Code     0  entry.o(.ARM.Collect$$$$00000000)
    _main_stk                                0x0000026d   Thumb Code     0  entry2.o(.ARM.Collect$$$$00000001)
    _main_scatterload                        0x00000271   Thumb Code     0  entry5.o(.ARM.Collect$$$$00000004)
    __main_after_scatterload                 0x00000275   Thumb Code     0  entry5.o(.ARM.Collect$$$$00000004)
    _main_clock                              0x00000275   Thumb Code     0  entry7b.o(.ARM.Collect$$$$00000008)
    _main_cpp_init                           0x00000275   Thumb Code     0  entry8b.o(.ARM.Collect$$$$0000000A)
    _main_init                               0x00000275   Thumb Code     0  entry9a.o(.ARM.Collect$$$$0000000B)
    __rt_final_cpp                           0x0000027d   Thumb Code     0  entry10a.o(.ARM.Collect$$$$0000000D)
    __rt_final_exit                          0x0000027d   Thumb Code     0  entry11a.o(.ARM.Collect$$$$0000000F)
    Reset_Handler                            0x00000281   Thumb Code     8  startup_tm4c123.o(.text)
    NMI_Handler                              0x00000289   Thumb Code     2  startup_tm4c123.o(.text)
    HardFault_Handler                        0x0000028b   Thumb Code     2  startup_tm4c123.o(.text)
    MemManage_Handler                        0x0000028d   Thumb Code     2  startup_tm4c123.o(.text)
    BusFault_Handler                         0x0000028f   Thumb Code     2  startup_tm4c123.o(.text)
    UsageFault_Handler                       0x00000291   Thumb Code     2  startup_tm4c123.o(.text)
    DebugMon_Handler                         0x00000295   Thumb Code     2  startup_tm4c123.o(.text)
    GPIOA_Handler                            0x0000029b   Thumb Code     2  startup_tm4c123.o(.text)
    GPIOB_Handler                            0x0000029d   Thumb Code     2  startup_tm4c123.o(.text)
    GPIOC_Handler                            0x0000029f   Thumb Code     2  startup_tm4c123.o(.text)
    GPIOD_Handler                            0x000002a1   Thumb Code     2  startup_tm4c123.o(.text)
    GPIOE_Handler                            0x000002a3   Thumb Code     2  startup_tm4c123.o(.text)
    UART0_Handler                            0x000002a5   Thumb Code     2  startup_tm4c123.o(.text)
    UART1_Handler                            0x000002a7   Thumb Code     2  startup_tm4c123.o(.text)
    SSI0_Handler                             0x000002a9   Thumb Code     2  startup_tm4c123.o(.text)
    I2C0_Handler                             0x000002ab   Thumb Code     2  startup_tm4c123.o(.text)
    PMW0_FAULT_Handler                       0x000002ad   Thumb Code     2  startup_tm4c123.o(.text)
    PWM0_0_Handler                           0x000002af   Thumb Code     2  startup_tm4c123.o(.text)
    PWM0_1_Handler                           0x000002b1   Thumb Code     2  startup_tm4c123.o(.text)
    PWM0_2_Handler                           0x000002b3   Thumb Code     2  startup_tm4c123.o(.text)
    QEI0_Handler                             0x000002b5   Thumb Code     2  startup_tm4c123.o(.text)
    ADC0SS0_Handler                          0x000002b7   Thumb Code     2  startup_tm4c123.o(.text)
    ADC0SS1_Handler                          0x000002b9   Thumb Code     2  startup_tm4c123.o(.text)
    ADC0SS2_Handler                          0x000002bb   Thumb Code     2  startup_tm4c123.o(.text)
    ADC0SS3_Handler                          0x000002bd   Thumb Code     2  startup_tm4c123.o(.text)
    WDT0_Handler                             0x000002bf   Thumb Code     2  startup_tm4c123.o(.text)
    TIMER0A_Handler                          0x000002c1   Thumb Code     2  startup_tm4c123.o(.text)
    TIMER0B_Handler                          0x000002c3   Thumb Code     2  startup_tm4c123.o(.text)
    TIMER1A_Handler                          0x000002c5   Thumb Code     2  startup_tm4c123.o(.text)
    TIMER1B_Handler                          0x000002c7   Thumb Code     2  startup_tm4c123.o(.text)
    TIMER2A_Handler                          0x000002c9   Thumb Code     2  startup_tm4c123.o(.text)
    TIMER2B_Handler                          0x000002cb   Thumb Code     2  startup_tm4c123.o(.text)
    COMP0_Handler                            0x000002cd   Thumb Code     2  startup_tm4c123.o(.text)
    COMP1_Handler                            0x000002cf   Thumb Code     2  startup_tm4c123.o(.text)
    COMP2_Handler                            0x000002d1   Thumb Code     2  startup_tm4c123.o(.text)
    SYSCTL_Handler                           0x000002d3   Thumb Code     2  startup_tm4c123.o(.text)
    FLASH_Handler                            0x000002d5   Thumb Code     2  startup_tm4c123.o(.text)
    GPIOF_Handler                            0x000002d7   Thumb Code     2  startup_tm4c123.o(.text)
    GPIOG_Handler                            0x000002d9   Thumb Code     2  startup_tm4c123.o(.text)
    GPIOH_Handler                            0x000002db   Thumb Code     2  startup_tm4c123.o(.text)
    UART2_Handler                            0x000002dd   Thumb Code     2  startup_tm4c123.o(.text)
    SSI1_Handler                             0x000002df   Thumb Code     2  startup_tm4c123.o(.text)
    TIMER3A_Handler                          0x000002e1   Thumb Code     2  startup_tm4c123.o(.text)
    TIMER3B_Handler                          0x000002e3   Thumb Code     2  startup_tm4c123.o(.text)
    I2C1_Handler                             0x000002e5   Thumb Code     2  startup_tm4c123.o(.text)
    QEI1_Handler                             0x000002e7   Thumb Code     2  startup_tm4c123.o(.text)
    CAN0_Handler                             0x000002e9   Thumb Code     2  startup_tm4c123.o(.text)
    CAN1_Handler                             0x000002eb   Thumb Code     2  startup_tm4c123.o(.text)
    CAN2_Handler                             0x000002ed   Thumb Code     2  startup_tm4c123.o(.text)
    HIB_Handler                              0x000002ef   Thumb Code     2  startup_tm4c123.o(.text)
    USB0_Handler                             0x000002f1   Thumb Code     2  startup_tm4c123.o(.text)
    PWM0_3_Handler                           0x000002f3   Thumb Code     2  startup_tm4c123.o(.text)
    UDMA_Handler                             0x000002f5   Thumb Code     2  startup_tm4c123.o(.text)
    UDMAERR_Handler                          0x000002f7   Thumb Code     2  startup_tm4c123.o(.text)
    ADC1SS0_Handler                          0x000002f9   Thumb Code     2  startup_tm4c123.o(.text)
    ADC1SS1_Handler                          0x000002fb   Thumb Code     2  startup_tm4c123.o(.text)
    ADC1SS2_Handler                          0x000002fd   Thumb Code     2  startup_tm4c123.o(.text)
    ADC1SS3_Handler                          0x000002ff   Thumb Code     2  startup_tm4c123.o(.text)
    GPIOJ_Handler                            0x00000301   Thumb Code     2  startup_tm4c123.o(.text)
    GPIOK_Handler                            0x00000303   Thumb Code     2  startup_tm4c123.o(.text)
    GPIOL_Handler                            0x00000305   Thumb Code     2  startup_tm4c123.o(.text)
    SSI2_Handler                             0x00000307   Thumb Code     2  startup_tm4c123.o(.text)
    SSI3_Handler                             0x00000309   Thumb Code     2  startup_tm4c123.o(.text)
    UART3_Handler                            0x0000030b   Thumb Code     2  startup_tm4c123.o(.text)
    UART4_Handler                            0x0000030d   Thumb Code     2  startup_tm4c123.o(.text)
    UART5_Handler                            0x0000030f   Thumb Code     2  startup_tm4c123.o(.text)
    UART6_Handler                            0x00000311   Thumb Code     2  startup_tm4c123.o(.text)
    UART7_Handler                            0x00000313   Thumb Code     2  startup_tm4c123.o(.text)
    I2C2_Handler                             0x00000315   Thumb Code     2  startup_tm4c123.o(.text)
    I2C3_Handler                             0x00000317   Thumb Code     2  startup_tm4c123.o(.text)
    TIMER4A_Handler                          0x00000319   Thumb Code     2  startup_tm4c123.o(.text)
    TIMER4B_Handler                          0x0000031b   Thumb Code     2  startup_tm4c123.o(.text)
    TIMER5A_Handler                          0x0000031d   Thumb Code     2  startup_tm4c123.o(.text)
    TIMER5B_Handler                          0x0000031f   Thumb Code     2  startup_tm4c123.o(.text)
    WTIMER0A_Handler                         0x00000321   Thumb Code     2  startup_tm4c123.o(.text)
    WTIMER0B_Handler                         0x00000323   Thumb Code     2  startup_tm4c123.o(.text)
    WTIMER1A_Handler                         0x00000325   Thumb Code     2  startup_tm4c123.o(.text)
    WTIMER1B_Handler                         0x00000327   Thumb Code     2  startup_tm4c123.o(.text)
    WTIMER2A_Handler                         0x00000329   Thumb Code     2  startup_tm4c123.o(.text)
    WTIMER2B_Handler                         0x0000032b   Thumb Code     2  startup_tm4c123.o(.text)
    WTIMER3A_Handler                         0x0000032d   Thumb Code     2  startup_tm4c123.o(.text)
    WTIMER3B_Handler                         0x0000032f   Thumb Code     2  startup_tm4c123.o(.text)
    WTIMER4A_Handler                         0x00000331   Thumb Code     2  startup_tm4c123.o(.text)
    WTIMER4B_Handler                         0x00000333   Thumb Code     2  startup_tm4c123.o(.text)
    WTIMER5A_Handler                         0x00000335   Thumb Code     2  startup_tm4c123.o(.text)
    WTIMER5B_Handler                         0x00000337   Thumb Code     2  startup_tm4c123.o(.text)
    FPU_Handler                              0x00000339   Thumb Code     2  startup_tm4c123.o(.text)
    I2C4_Handler                             0x0000033b   Thumb Code     2  startup_tm4c123.o(.text)
    I2C5_Handler                             0x0000033d   Thumb Code     2  startup_tm4c123.o(.text)
    GPIOM_Handler                            0x0000033f   Thumb Code     2  startup_tm4c123.o(.text)
    GPION_Handler                            0x00000341   Thumb Code     2  startup_tm4c123.o(.text)
    QEI2_Handler                             0x00000343   Thumb Code     2  startup_tm4c123.o(.text)
    GPIOP0_Handler                           0x00000345   Thumb Code     2  startup_tm4c123.o(.text)
    GPIOP1_Handler                           0x00000347   Thumb Code     2  startup_tm4c123.o(.text)
    GPIOP2_Handler                           0x00000349   Thumb Code     2  startup_tm4c123.o(.text)
    GPIOP3_Handler                           0x0000034b   Thumb Code     2  startup_tm4c123.o(.text)
    GPIOP4_Handler                           0x0000034d   Thumb Code     2  startup_tm4c123.o(.text)
    GPIOP5_Handler                           0x0000034f   Thumb Code     2  startup_tm4c123.o(.text)
    GPIOP6_Handler                           0x00000351   Thumb Code     2  startup_tm4c123.o(.text)
    GPIOP7_Handler                           0x00000353   Thumb Code     2  startup_tm4c123.o(.text)
    GPIOQ0_Handler                           0x00000355   Thumb Code     2  startup_tm4c123.o(.text)
    GPIOQ1_Handler                           0x00000357   Thumb Code     2  startup_tm4c123.o(.text)
    GPIOQ2_Handler                           0x00000359   Thumb Code     2  startup_tm4c123.o(.text)
    GPIOQ3_Handler                           0x0000035b   Thumb Code     2  startup_tm4c123.o(.text)
    GPIOQ4_Handler                           0x0000035d   Thumb Code     2  startup_tm4c123.o(.text)
    GPIOQ5_Handler                           0x0000035f   Thumb Code     2  startup_tm4c123.o(.text)
    GPIOQ6_Handler                           0x00000361   Thumb Code     2  startup_tm4c123.o(.text)
    GPIOQ7_Handler                           0x00000363   Thumb Code     2  startup_tm4c123.o(.text)
    GPIOR_Handler                            0x00000365   Thumb Code     2  startup_tm4c123.o(.text)
    GPIOS_Handler                            0x00000367   Thumb Code     2  startup_tm4c123.o(.text)
    PMW1_0_Handler                           0x00000369   Thumb Code     2  startup_tm4c123.o(.text)
    PWM1_1_Handler                           0x0000036b   Thumb Code     2  startup_tm4c123.o(.text)
    PWM1_2_Handler                           0x0000036d   Thumb Code     2  startup_tm4c123.o(.text)
    PWM1_3_Handler                           0x0000036f   Thumb Code     2  startup_tm4c123.o(.text)
    PWM1_FAULT_Handler                       0x00000371   Thumb Code     2  startup_tm4c123.o(.text)
    __aeabi_memcpy                           0x0000037d   Thumb Code    36  memcpya.o(.text)
    __aeabi_memcpy4                          0x0000037d   Thumb Code     0  memcpya.o(.text)
    __aeabi_memcpy8                          0x0000037d   Thumb Code     0  memcpya.o(.text)
    __aeabi_memset                           0x000003a1   Thumb Code    14  memseta.o(.text)
    __aeabi_memset4                          0x000003a1   Thumb Code     0  memseta.o(.text)
    __aeabi_memset8                          0x000003a1   Thumb Code     0  memseta.o(.text)
    __aeabi_memclr                           0x000003af   Thumb Code     4  memseta.o(.text)
    __aeabi_memclr4                          0x000003af   Thumb Code     0  memseta.o(.text)
    __aeabi_memclr8                          0x000003af   Thumb Code     0  memseta.o(.text)
    _memset$wrapper                          0x000003b3   Thumb Code    18  memseta.o(.text)
    __aeabi_uidiv                            0x000003c5   Thumb Code     0  uidiv.o(.text)
    __aeabi_uidivmod                         0x000003c5   Thumb Code    44  uidiv.o(.text)
    __aeabi_uldivmod                         0x000003f1   Thumb Code    98  uldiv.o(.text)
    __I$use$fp                               0x00000453   Thumb Code     0  iusefp.o(.text)
    __aeabi_dadd                             0x00000453   Thumb Code   322  dadd.o(.text)
    __aeabi_dsub                             0x00000595   Thumb Code     6  dadd.o(.text)
    __aeabi_drsub                            0x0000059b   Thumb Code     6  dadd.o(.text)
    __aeabi_dmul                             0x000005a1   Thumb Code   228  dmul.o(.text)
    __aeabi_ddiv                             0x00000685   Thumb Code   222  ddiv.o(.text)
    __aeabi_d2ulz                            0x00000763   Thumb Code    48  dfixul.o(.text)
    __aeabi_cdrcmple                         0x00000795   Thumb Code    48  cdrcmple.o(.text)
    __scatterload                            0x000007c5   Thumb Code    38  init.o(.text)
    __scatterload_rt2                        0x000007c5   Thumb Code     0  init.o(.text)
    __aeabi_llsl                             0x000007f5   Thumb Code    30  llshl.o(.text)
    _ll_shift_l                              0x000007f5   Thumb Code     0  llshl.o(.text)
    __aeabi_llsr                             0x00000813   Thumb Code    32  llushr.o(.text)
    _ll_ushift_r                             0x00000813   Thumb Code     0  llushr.o(.text)
    __aeabi_lasr                             0x00000833   Thumb Code    36  llsshr.o(.text)
    _ll_sshift_r                             0x00000833   Thumb Code     0  llsshr.o(.text)
    _double_round                            0x00000857   Thumb Code    30  depilogue.o(.text)
    _double_epilogue                         0x00000875   Thumb Code   156  depilogue.o(.text)
    PendSV_Handler                           0x00000c61   Thumb Code    96  port.o(.text.PendSV_Handler)
    SVC_Handler                              0x00000d49   Thumb Code    32  port.o(.text.SVC_Handler)
    SysTick_Handler                          0x00000da5   Thumb Code    30  cmsis_os2.o(.text.SysTick_Handler)
    SystemInit                               0x00000dc5   Thumb Code    18  system_tm4c123.o(.text.SystemInit)
    fputc                                    0x00000dd9   Thumb Code    48  retarget_io.o(.text.fputc)
    main                                     0x00000e09   Thumb Code   444  main.o(.text.main)
    pvPortMalloc                             0x00002091   Thumb Code   696  heap_4.o(.text.pvPortMalloc)
    pvTaskIncrementMutexHeldCount            0x00002349   Thumb Code    36  tasks.o(.text.pvTaskIncrementMutexHeldCount)
    pxPortInitialiseStack                    0x0000236d   Thumb Code    94  port.o(.text.pxPortInitialiseStack)
    stdout_putchar                           0x000023cd   Thumb Code    16  stdout_itm.o(.text.stdout_putchar)
    uxListRemove                             0x000023dd   Thumb Code    72  list.o(.text.uxListRemove)
    vApplicationGetIdleTaskMemory            0x00002425   Thumb Code    42  tasks.o(.text.vApplicationGetIdleTaskMemory)
    vApplicationGetTimerTaskMemory           0x00002451   Thumb Code    42  tasks.o(.text.vApplicationGetTimerTaskMemory)
    vApplicationStackOverflowHook            0x0000247d   Thumb Code    26  main.o(.text.vApplicationStackOverflowHook)
    vListInitialise                          0x000029f5   Thumb Code    46  list.o(.text.vListInitialise)
    vListInitialiseItem                      0x00002a25   Thumb Code    14  list.o(.text.vListInitialiseItem)
    vListInsert                              0x00002a35   Thumb Code   106  list.o(.text.vListInsert)
    vPortEnterCritical                       0x00002ab5   Thumb Code    72  port.o(.text.vPortEnterCritical)
    vPortExitCritical                        0x00002afd   Thumb Code    60  port.o(.text.vPortExitCritical)
    vPortFree                                0x00002b39   Thumb Code   222  heap_4.o(.text.vPortFree)
    vPortSetupTimerInterrupt                 0x00002c19   Thumb Code    68  port.o(.text.vPortSetupTimerInterrupt)
    vQueueWaitForMessageRestricted           0x00002c5d   Thumb Code   100  queue.o(.text.vQueueWaitForMessageRestricted)
    vTaskDelay                               0x00002e11   Thumb Code    98  tasks.o(.text.vTaskDelay)
    vTaskInternalSetTimeOutState             0x00002e75   Thumb Code    36  tasks.o(.text.vTaskInternalSetTimeOutState)
    vTaskMissedYield                         0x00002e99   Thumb Code    14  tasks.o(.text.vTaskMissedYield)
    vTaskPlaceOnEventList                    0x00002ea9   Thumb Code    52  tasks.o(.text.vTaskPlaceOnEventList)
    vTaskPlaceOnEventListRestricted          0x00002edd   Thumb Code   114  tasks.o(.text.vTaskPlaceOnEventListRestricted)
    vTaskPriorityDisinheritAfterTimeout      0x00002f51   Thumb Code   358  tasks.o(.text.vTaskPriorityDisinheritAfterTimeout)
    vTaskStartScheduler                      0x000030b9   Thumb Code   130  tasks.o(.text.vTaskStartScheduler)
    vTaskSuspendAll                          0x0000313d   Thumb Code    16  tasks.o(.text.vTaskSuspendAll)
    vTaskSwitchContext                       0x0000314d   Thumb Code   312  tasks.o(.text.vTaskSwitchContext)
    xPortStartScheduler                      0x00003285   Thumb Code   428  port.o(.text.xPortStartScheduler)
    xPortSysTickHandler                      0x00003431   Thumb Code    62  port.o(.text.xPortSysTickHandler)
    xQueueCreateMutex                        0x00003471   Thumb Code    38  queue.o(.text.xQueueCreateMutex)
    xQueueGenericCreate                      0x00003499   Thumb Code   148  queue.o(.text.xQueueGenericCreate)
    xQueueGenericCreateStatic                0x0000352d   Thumb Code   158  queue.o(.text.xQueueGenericCreateStatic)
    xQueueGenericReset                       0x000035cd   Thumb Code   236  queue.o(.text.xQueueGenericReset)
    xQueueGenericSend                        0x000036b9   Thumb Code   500  queue.o(.text.xQueueGenericSend)
    xQueueReceive                            0x000038ad   Thumb Code   434  queue.o(.text.xQueueReceive)
    xQueueSemaphoreTake                      0x00003a61   Thumb Code   486  queue.o(.text.xQueueSemaphoreTake)
    xTaskCheckForTimeOut                     0x00003c49   Thumb Code   224  tasks.o(.text.xTaskCheckForTimeOut)
    xTaskCreate                              0x00003d29   Thumb Code    82  tasks.o(.text.xTaskCreate)
    xTaskCreateStatic                        0x00003d7d   Thumb Code    92  tasks.o(.text.xTaskCreateStatic)
    xTaskGetSchedulerState                   0x00003dd9   Thumb Code    56  tasks.o(.text.xTaskGetSchedulerState)
    xTaskGetTickCount                        0x00003e11   Thumb Code    20  tasks.o(.text.xTaskGetTickCount)
    xTaskIncrementTick                       0x00003e25   Thumb Code   630  tasks.o(.text.xTaskIncrementTick)
    xTaskPriorityDisinherit                  0x0000409d   Thumb Code   286  tasks.o(.text.xTaskPriorityDisinherit)
    xTaskPriorityInherit                     0x000041bd   Thumb Code   348  tasks.o(.text.xTaskPriorityInherit)
    xTaskRemoveFromEventList                 0x00004319   Thumb Code   418  tasks.o(.text.xTaskRemoveFromEventList)
    xTaskResumeAll                           0x000044bd   Thumb Code   584  tasks.o(.text.xTaskResumeAll)
    xTimerCreateTimerTask                    0x00004705   Thumb Code   134  timers.o(.text.xTimerCreateTimerTask)
    __0printf                                0x0000478d   Thumb Code    22  printfa.o(i.__0printf)
    __1printf                                0x0000478d   Thumb Code     0  printfa.o(i.__0printf)
    __2printf                                0x0000478d   Thumb Code     0  printfa.o(i.__0printf)
    __c89printf                              0x0000478d   Thumb Code     0  printfa.o(i.__0printf)
    printf                                   0x0000478d   Thumb Code     0  printfa.o(i.__0printf)
    __scatterload_copy                       0x000047ad   Thumb Code    14  handlers.o(i.__scatterload_copy)
    __scatterload_null                       0x000047bb   Thumb Code     2  handlers.o(i.__scatterload_null)
    __scatterload_zeroinit                   0x000047bd   Thumb Code    14  handlers.o(i.__scatterload_zeroinit)
    Region$$Table$$Base                      0x00005538   Number         0  anon$$obj.o(Region$$Table)
    Region$$Table$$Limit                     0x00005558   Number         0  anon$$obj.o(Region$$Table)
    __stdout                                 0x20000000   Data           4  stdout.o(.data)
    SystemCoreClock                          0x20000004   Data           4  system_tm4c123.o(.data.SystemCoreClock)
    pxCurrentTCB                             0x200000b8   Data           4  tasks.o(.bss.pxCurrentTCB)
    __initial_sp                             0x20004ef8   Data           0  startup_tm4c123.o(STACK)



==============================================================================

Memory Map of the image

  Image Entry point : 0x00000281

  Load Region LR_1 (Base: 0x00000000, Size: 0x00005564, Max: 0xffffffff, ABSOLUTE)

    Execution Region ER_RO (Exec base: 0x00000000, Load base: 0x00000000, Size: 0x00005558, Max: 0xffffffff, ABSOLUTE)

    Exec Addr    Load Addr    Size         Type   Attr      Idx    E Section Name        Object

    0x00000000   0x00000000   0x0000026c   Data   RO          308    RESET               startup_tm4c123.o
    0x0000026c   0x0000026c   0x00000000   Code   RO          806  * .ARM.Collect$$$$00000000  mc_w.l(entry.o)
    0x0000026c   0x0000026c   0x00000004   Code   RO          850    .ARM.Collect$$$$00000001  mc_w.l(entry2.o)
    0x00000270   0x00000270   0x00000004   Code   RO          853    .ARM.Collect$$$$00000004  mc_w.l(entry5.o)
    0x00000274   0x00000274   0x00000000   Code   RO          855    .ARM.Collect$$$$00000008  mc_w.l(entry7b.o)
    0x00000274   0x00000274   0x00000000   Code   RO          857    .ARM.Collect$$$$0000000A  mc_w.l(entry8b.o)
    0x00000274   0x00000274   0x00000008   Code   RO          858    .ARM.Collect$$$$0000000B  mc_w.l(entry9a.o)
    0x0000027c   0x0000027c   0x00000000   Code   RO          860    .ARM.Collect$$$$0000000D  mc_w.l(entry10a.o)
    0x0000027c   0x0000027c   0x00000000   Code   RO          862    .ARM.Collect$$$$0000000F  mc_w.l(entry11a.o)
    0x0000027c   0x0000027c   0x00000004   Code   RO          851    .ARM.Collect$$$$00002712  mc_w.l(entry2.o)
    0x00000280   0x00000280   0x000000fc   Code   RO          309  * .text               startup_tm4c123.o
    0x0000037c   0x0000037c   0x00000024   Code   RO          816    .text               mc_w.l(memcpya.o)
    0x000003a0   0x000003a0   0x00000024   Code   RO          818    .text               mc_w.l(memseta.o)
    0x000003c4   0x000003c4   0x0000002c   Code   RO          873    .text               mc_w.l(uidiv.o)
    0x000003f0   0x000003f0   0x00000062   Code   RO          875    .text               mc_w.l(uldiv.o)
    0x00000452   0x00000452   0x00000000   Code   RO          877    .text               mc_w.l(iusefp.o)
    0x00000452   0x00000452   0x0000014e   Code   RO          878    .text               mf_w.l(dadd.o)
    0x000005a0   0x000005a0   0x000000e4   Code   RO          880    .text               mf_w.l(dmul.o)
    0x00000684   0x00000684   0x000000de   Code   RO          882    .text               mf_w.l(ddiv.o)
    0x00000762   0x00000762   0x00000030   Code   RO          884    .text               mf_w.l(dfixul.o)
    0x00000792   0x00000792   0x00000002   PAD
    0x00000794   0x00000794   0x00000030   Code   RO          886    .text               mf_w.l(cdrcmple.o)
    0x000007c4   0x000007c4   0x00000030   Code   RO          888    .text               mc_w.l(init.o)
    0x000007f4   0x000007f4   0x0000001e   Code   RO          890    .text               mc_w.l(llshl.o)
    0x00000812   0x00000812   0x00000020   Code   RO          892    .text               mc_w.l(llushr.o)
    0x00000832   0x00000832   0x00000024   Code   RO          894    .text               mc_w.l(llsshr.o)
    0x00000856   0x00000856   0x000000ba   Code   RO          896    .text               mf_w.l(depilogue.o)
    0x00000910   0x00000910   0x000001f0   Code   RO            6    .text.GPIO_Init     main.o
    0x00000b00   0x00000b00   0x0000003c   Code   RO           18    .text.GetGateState  main.o
    0x00000b3c   0x00000b3c   0x00000078   Code   RO           42    .text.GetStateName  main.o
    0x00000bb4   0x00000bb4   0x00000044   Code   RO          298    .text.ITM_SendChar  stdout_itm.o
    0x00000bf8   0x00000bf8   0x00000032   Code   RO           38    .text.LED_SetGreen  main.o
    0x00000c2a   0x00000c2a   0x00000002   PAD
    0x00000c2c   0x00000c2c   0x00000032   Code   RO           40    .text.LED_SetRed    main.o
    0x00000c5e   0x00000c5e   0x00000002   PAD
    0x00000c60   0x00000c60   0x00000060   Code   RO          395    .text.PendSV_Handler  port.o
    0x00000cc0   0x00000cc0   0x00000010   Code   RO           32    .text.Read_ClosedLimit  main.o
    0x00000cd0   0x00000cd0   0x00000010   Code   RO           24    .text.Read_DriverClose  main.o
    0x00000ce0   0x00000ce0   0x00000010   Code   RO           22    .text.Read_DriverOpen  main.o
    0x00000cf0   0x00000cf0   0x00000010   Code   RO           36    .text.Read_ManualMode  main.o
    0x00000d00   0x00000d00   0x00000016   Code   RO           34    .text.Read_Obstacle  main.o
    0x00000d16   0x00000d16   0x00000002   PAD
    0x00000d18   0x00000d18   0x00000010   Code   RO           30    .text.Read_OpenLimit  main.o
    0x00000d28   0x00000d28   0x00000010   Code   RO           28    .text.Read_SecurityClose  main.o
    0x00000d38   0x00000d38   0x00000010   Code   RO           26    .text.Read_SecurityOpen  main.o
    0x00000d48   0x00000d48   0x00000020   Code   RO          391    .text.SVC_Handler   port.o
    0x00000d68   0x00000d68   0x0000003c   Code   RO           20    .text.SetGateState  main.o
    0x00000da4   0x00000da4   0x0000001e   Code   RO           73    .text.SysTick_Handler  cmsis_os2.o
    0x00000dc2   0x00000dc2   0x00000002   PAD
    0x00000dc4   0x00000dc4   0x00000012   Code   RO          320    .text.SystemInit    system_tm4c123.o
    0x00000dd6   0x00000dd6   0x00000002   PAD
    0x00000dd8   0x00000dd8   0x00000030   Code   RO          264    .text.fputc         retarget_io.o
    0x00000e08   0x00000e08   0x000001bc   Code   RO            4    .text.main          main.o
    0x00000fc4   0x00000fc4   0x0000010e   Code   RO          566    .text.prvAddCurrentTaskToDelayedList  tasks.o
    0x000010d2   0x000010d2   0x00000002   PAD
    0x000010d4   0x000010d4   0x00000170   Code   RO          550    .text.prvAddNewTaskToReadyList  tasks.o
    0x00001244   0x00001244   0x0000007e   Code   RO          728    .text.prvCheckForValidListAndQueue  timers.o
    0x000012c2   0x000012c2   0x00000002   PAD
    0x000012c4   0x000012c4   0x0000005a   Code   RO          600    .text.prvCheckTasksWaitingTermination  tasks.o
    0x0000131e   0x0000131e   0x00000002   PAD
    0x00001320   0x00001320   0x00000042   Code   RO          503    .text.prvCopyDataFromQueue  queue.o
    0x00001362   0x00001362   0x00000002   PAD
    0x00001364   0x00001364   0x000000cc   Code   RO          491    .text.prvCopyDataToQueue  queue.o
    0x00001430   0x00001430   0x000000d8   Code   RO          596    .text.prvCreateIdleTasks  tasks.o
    0x00001508   0x00001508   0x000000aa   Code   RO          548    .text.prvCreateStaticTask  tasks.o
    0x000015b2   0x000015b2   0x00000002   PAD
    0x000015b4   0x000015b4   0x0000008e   Code   RO          554    .text.prvCreateTask  tasks.o
    0x00001642   0x00001642   0x00000002   PAD
    0x00001644   0x00001644   0x00000050   Code   RO          560    .text.prvDeleteTCB  tasks.o
    0x00001694   0x00001694   0x00000026   Code   RO          507    .text.prvGetHighestPriorityOfWaitToReceiveList  queue.o
    0x000016ba   0x000016ba   0x00000002   PAD
    0x000016bc   0x000016bc   0x00000040   Code   RO          774    .text.prvGetNextExpireTime  timers.o
    0x000016fc   0x000016fc   0x000000aa   Code   RO          425    .text.prvHeapInit   heap_4.o
    0x000017a6   0x000017a6   0x00000002   PAD
    0x000017a8   0x000017a8   0x00000038   Code   RO          690    .text.prvIdleTask   tasks.o
    0x000017e0   0x000017e0   0x0000002c   Code   RO          471    .text.prvInitialiseMutex  queue.o
    0x0000180c   0x0000180c   0x00000048   Code   RO          463    .text.prvInitialiseNewQueue  queue.o
    0x00001854   0x00001854   0x00000108   Code   RO          686    .text.prvInitialiseNewTask  tasks.o
    0x0000195c   0x0000195c   0x0000008e   Code   RO          688    .text.prvInitialiseTaskLists  tasks.o
    0x000019ea   0x000019ea   0x00000002   PAD
    0x000019ec   0x000019ec   0x00000118   Code   RO          429    .text.prvInsertBlockIntoFreeList  heap_4.o
    0x00001b04   0x00001b04   0x00000086   Code   RO          788    .text.prvInsertTimerInActiveList  timers.o
    0x00001b8a   0x00001b8a   0x00000002   PAD
    0x00001b8c   0x00001b8c   0x00000028   Code   RO          505    .text.prvIsQueueEmpty  queue.o
    0x00001bb4   0x00001bb4   0x0000002e   Code   RO          493    .text.prvIsQueueFull  queue.o
    0x00001be2   0x00001be2   0x00000002   PAD
    0x00001be4   0x00001be4   0x00000028   Code   RO          401    .text.prvPortStartFirstTask  port.o
    0x00001c0c   0x00001c0c   0x00000054   Code   RO          782    .text.prvProcessExpiredTimer  timers.o
    0x00001c60   0x00001c60   0x0000017a   Code   RO          778    .text.prvProcessReceivedCommands  timers.o
    0x00001dda   0x00001dda   0x00000002   PAD
    0x00001ddc   0x00001ddc   0x0000009a   Code   RO          776    .text.prvProcessTimerOrBlockTask  timers.o
    0x00001e76   0x00001e76   0x00000002   PAD
    0x00001e78   0x00001e78   0x00000034   Code   RO          786    .text.prvReloadTimer  timers.o
    0x00001eac   0x00001eac   0x0000003c   Code   RO          558    .text.prvResetNextTaskUnblockTime  tasks.o
    0x00001ee8   0x00001ee8   0x00000044   Code   RO          780    .text.prvSampleTimeNow  timers.o
    0x00001f2c   0x00001f2c   0x00000052   Code   RO          784    .text.prvSwitchTimerLists  timers.o
    0x00001f7e   0x00001f7e   0x00000002   PAD
    0x00001f80   0x00001f80   0x0000003e   Code   RO          389    .text.prvTaskExitError  port.o
    0x00001fbe   0x00001fbe   0x00000002   PAD
    0x00001fc0   0x00001fc0   0x0000001e   Code   RO          730    .text.prvTimerTask  timers.o
    0x00001fde   0x00001fde   0x00000002   PAD
    0x00001fe0   0x00001fe0   0x000000ae   Code   RO          495    .text.prvUnlockQueue  queue.o
    0x0000208e   0x0000208e   0x00000002   PAD
    0x00002090   0x00002090   0x000002b8   Code   RO          423    .text.pvPortMalloc  heap_4.o
    0x00002348   0x00002348   0x00000024   Code   RO          664    .text.pvTaskIncrementMutexHeldCount  tasks.o
    0x0000236c   0x0000236c   0x0000005e   Code   RO          387    .text.pxPortInitialiseStack  port.o
    0x000023ca   0x000023ca   0x00000002   PAD
    0x000023cc   0x000023cc   0x00000010   Code   RO          296    .text.stdout_putchar  stdout_itm.o
    0x000023dc   0x000023dc   0x00000048   Code   RO          378    .text.uxListRemove  list.o
    0x00002424   0x00002424   0x0000002a   Code   RO          680    .text.vApplicationGetIdleTaskMemory  tasks.o
    0x0000244e   0x0000244e   0x00000002   PAD
    0x00002450   0x00002450   0x0000002a   Code   RO          682    .text.vApplicationGetTimerTaskMemory  tasks.o
    0x0000247a   0x0000247a   0x00000002   PAD
    0x0000247c   0x0000247c   0x0000001a   Code   RO            2    .text.vApplicationStackOverflowHook  main.o
    0x00002496   0x00002496   0x00000002   PAD
    0x00002498   0x00002498   0x00000334   Code   RO           12    .text.vGateControlTask  main.o
    0x000027cc   0x000027cc   0x000001ac   Code   RO           10    .text.vInputTask    main.o
    0x00002978   0x00002978   0x0000007a   Code   RO           14    .text.vLedControlTask  main.o
    0x000029f2   0x000029f2   0x00000002   PAD
    0x000029f4   0x000029f4   0x0000002e   Code   RO          370    .text.vListInitialise  list.o
    0x00002a22   0x00002a22   0x00000002   PAD
    0x00002a24   0x00002a24   0x0000000e   Code   RO          372    .text.vListInitialiseItem  list.o
    0x00002a32   0x00002a32   0x00000002   PAD
    0x00002a34   0x00002a34   0x0000006a   Code   RO          376    .text.vListInsert   list.o
    0x00002a9e   0x00002a9e   0x00000002   PAD
    0x00002aa0   0x00002aa0   0x00000014   Code   RO          399    .text.vPortEnableVFP  port.o
    0x00002ab4   0x00002ab4   0x00000048   Code   RO          405    .text.vPortEnterCritical  port.o
    0x00002afc   0x00002afc   0x0000003c   Code   RO          407    .text.vPortExitCritical  port.o
    0x00002b38   0x00002b38   0x000000de   Code   RO          427    .text.vPortFree     heap_4.o
    0x00002c16   0x00002c16   0x00000002   PAD
    0x00002c18   0x00002c18   0x00000044   Code   RO          397    .text.vPortSetupTimerInterrupt  port.o
    0x00002c5c   0x00002c5c   0x00000064   Code   RO          537    .text.vQueueWaitForMessageRestricted  queue.o
    0x00002cc0   0x00002cc0   0x00000070   Code   RO            8    .text.vSafetyTask   main.o
    0x00002d30   0x00002d30   0x000000e0   Code   RO           16    .text.vStatusTask   main.o
    0x00002e10   0x00002e10   0x00000062   Code   RO          570    .text.vTaskDelay    tasks.o
    0x00002e72   0x00002e72   0x00000002   PAD
    0x00002e74   0x00002e74   0x00000024   Code   RO          634    .text.vTaskInternalSetTimeOutState  tasks.o
    0x00002e98   0x00002e98   0x0000000e   Code   RO          638    .text.vTaskMissedYield  tasks.o
    0x00002ea6   0x00002ea6   0x00000002   PAD
    0x00002ea8   0x00002ea8   0x00000034   Code   RO          622    .text.vTaskPlaceOnEventList  tasks.o
    0x00002edc   0x00002edc   0x00000072   Code   RO          626    .text.vTaskPlaceOnEventListRestricted  tasks.o
    0x00002f4e   0x00002f4e   0x00000002   PAD
    0x00002f50   0x00002f50   0x00000166   Code   RO          660    .text.vTaskPriorityDisinheritAfterTimeout  tasks.o
    0x000030b6   0x000030b6   0x00000002   PAD
    0x000030b8   0x000030b8   0x00000082   Code   RO          594    .text.vTaskStartScheduler  tasks.o
    0x0000313a   0x0000313a   0x00000002   PAD
    0x0000313c   0x0000313c   0x00000010   Code   RO          564    .text.vTaskSuspendAll  tasks.o
    0x0000314c   0x0000314c   0x00000138   Code   RO          586    .text.vTaskSwitchContext  tasks.o
    0x00003284   0x00003284   0x000001ac   Code   RO          393    .text.xPortStartScheduler  port.o
    0x00003430   0x00003430   0x0000003e   Code   RO          409    .text.xPortSysTickHandler  port.o
    0x0000346e   0x0000346e   0x00000002   PAD
    0x00003470   0x00003470   0x00000026   Code   RO          469    .text.xQueueCreateMutex  queue.o
    0x00003496   0x00003496   0x00000002   PAD
    0x00003498   0x00003498   0x00000094   Code   RO          467    .text.xQueueGenericCreate  queue.o
    0x0000352c   0x0000352c   0x0000009e   Code   RO          461    .text.xQueueGenericCreateStatic  queue.o
    0x000035ca   0x000035ca   0x00000002   PAD
    0x000035cc   0x000035cc   0x000000ec   Code   RO          459    .text.xQueueGenericReset  queue.o
    0x000036b8   0x000036b8   0x000001f4   Code   RO          481    .text.xQueueGenericSend  queue.o
    0x000038ac   0x000038ac   0x000001b2   Code   RO          501    .text.xQueueReceive  queue.o
    0x00003a5e   0x00003a5e   0x00000002   PAD
    0x00003a60   0x00003a60   0x000001e6   Code   RO          485    .text.xQueueSemaphoreTake  queue.o
    0x00003c46   0x00003c46   0x00000002   PAD
    0x00003c48   0x00003c48   0x000000e0   Code   RO          636    .text.xTaskCheckForTimeOut  tasks.o
    0x00003d28   0x00003d28   0x00000052   Code   RO          552    .text.xTaskCreate   tasks.o
    0x00003d7a   0x00003d7a   0x00000002   PAD
    0x00003d7c   0x00003d7c   0x0000005c   Code   RO          546    .text.xTaskCreateStatic  tasks.o
    0x00003dd8   0x00003dd8   0x00000038   Code   RO          654    .text.xTaskGetSchedulerState  tasks.o
    0x00003e10   0x00003e10   0x00000014   Code   RO          604    .text.xTaskGetTickCount  tasks.o
    0x00003e24   0x00003e24   0x00000276   Code   RO          602    .text.xTaskIncrementTick  tasks.o
    0x0000409a   0x0000409a   0x00000002   PAD
    0x0000409c   0x0000409c   0x0000011e   Code   RO          658    .text.xTaskPriorityDisinherit  tasks.o
    0x000041ba   0x000041ba   0x00000002   PAD
    0x000041bc   0x000041bc   0x0000015c   Code   RO          656    .text.xTaskPriorityInherit  tasks.o
    0x00004318   0x00004318   0x000001a2   Code   RO          628    .text.xTaskRemoveFromEventList  tasks.o
    0x000044ba   0x000044ba   0x00000002   PAD
    0x000044bc   0x000044bc   0x00000248   Code   RO          568    .text.xTaskResumeAll  tasks.o
    0x00004704   0x00004704   0x00000086   Code   RO          726    .text.xTimerCreateTimerTask  timers.o
    0x0000478a   0x0000478a   0x00000002   PAD
    0x0000478c   0x0000478c   0x00000020   Code   RO          823    i.__0printf         mc_w.l(printfa.o)
    0x000047ac   0x000047ac   0x0000000e   Code   RO          900    i.__scatterload_copy  mc_w.l(handlers.o)
    0x000047ba   0x000047ba   0x00000002   Code   RO          901    i.__scatterload_null  mc_w.l(handlers.o)
    0x000047bc   0x000047bc   0x0000000e   Code   RO          902    i.__scatterload_zeroinit  mc_w.l(handlers.o)
    0x000047ca   0x000047ca   0x00000002   PAD
    0x000047cc   0x000047cc   0x00000184   Code   RO          830    i._fp_digits        mc_w.l(printfa.o)
    0x00004950   0x00004950   0x000006dc   Code   RO          831    i._printf_core      mc_w.l(printfa.o)
    0x0000502c   0x0000502c   0x00000024   Code   RO          832    i._printf_post_padding  mc_w.l(printfa.o)
    0x00005050   0x00005050   0x0000002e   Code   RO          833    i._printf_pre_padding  mc_w.l(printfa.o)
    0x0000507e   0x0000507e   0x000004a7   Data   RO           44    .rodata.str1.1      main.o
    0x00005525   0x00005525   0x00000005   Data   RO          718    .rodata.str1.1      tasks.o
    0x0000552a   0x0000552a   0x00000008   Data   RO          791    .rodata.str1.1      timers.o
    0x00005532   0x00005532   0x00000002   PAD
    0x00005534   0x00005534   0x00000004   Data   RO          709    .rodata.uxTopUsedPriority  tasks.o
    0x00005538   0x00005538   0x00000020   Data   RO          899    Region$$Table       anon$$obj.o


    Execution Region ER_RW (Exec base: 0x20000000, Load base: 0x00005558, Size: 0x0000000c, Max: 0xffffffff, ABSOLUTE)

    Exec Addr    Load Addr    Size         Type   Attr      Idx    E Section Name        Object

    0x20000000   0x00005558   0x00000004   Data   RW          814    .data               mc_w.l(stdout.o)
    0x20000004   0x0000555c   0x00000004   Data   RW          322    .data.SystemCoreClock  system_tm4c123.o
    0x20000008   0x00005560   0x00000004   Data   RW          415    .data.uxCriticalNesting  port.o


    Execution Region ER_ZI (Exec base: 0x20000010, Load base: 0x00005564, Size: 0x00004ee8, Max: 0xffffffff, ABSOLUTE)

    Exec Addr    Load Addr    Size         Type   Attr      Idx    E Section Name        Object

    0x20000010        -       0x00000001   Zero   RW           56    .bss.gateState      main.o
    0x20000011        -       0x00000050   Zero   RW          799    .bss.prvCheckForValidListAndQueue.ucStaticTimerQueueStorage  timers.o
    0x20000061   0x00005564   0x00000003   PAD
    0x20000064        -       0x00000050   Zero   RW          798    .bss.prvCheckForValidListAndQueue.xStaticTimerQueue  timers.o
    0x200000b4        -       0x00000004   Zero   RW          795    .bss.prvSampleTimeNow.xLastTime  timers.o
    0x200000b8        -       0x00000004   Zero   RW          692    .bss.pxCurrentTCB   tasks.o
    0x200000bc        -       0x00000004   Zero   RW          793    .bss.pxCurrentTimerList  timers.o
    0x200000c0        -       0x00000004   Zero   RW          700    .bss.pxDelayedTaskList  tasks.o
    0x200000c4        -       0x00000004   Zero   RW          445    .bss.pxEnd          heap_4.o
    0x200000c8        -       0x00000004   Zero   RW          701    .bss.pxOverflowDelayedTaskList  tasks.o
    0x200000cc        -       0x00000004   Zero   RW          794    .bss.pxOverflowTimerList  timers.o
    0x200000d0        -       0x00000460   Zero   RW          704    .bss.pxReadyTasksLists  tasks.o
    0x20000530        -       0x00000004   Zero   RW           55    .bss.securityActive  main.o
    0x20000534        -       0x00004000   Zero   RW          448    .bss.ucHeap         heap_4.o
    0x20004534        -       0x00000001   Zero   RW          413    .bss.ucMaxSysCallPriority  port.o
    0x20004535   0x00005564   0x00000003   PAD
    0x20004538        -       0x00000004   Zero   RW          414    .bss.ulMaxPRIGROUPValue  port.o
    0x2000453c        -       0x00000004   Zero   RW          697    .bss.uxCurrentNumberOfTasks  tasks.o
    0x20004540        -       0x00000004   Zero   RW          696    .bss.uxDeletedTasksWaitingCleanUp  tasks.o
    0x20004544        -       0x00000004   Zero   RW          698    .bss.uxSchedulerSuspended  tasks.o
    0x20004548        -       0x00000004   Zero   RW          693    .bss.uxTaskNumber   tasks.o
    0x2000454c        -       0x00000004   Zero   RW          705    .bss.uxTopReadyPriority  tasks.o
    0x20004550        -       0x00000200   Zero   RW          713    .bss.vApplicationGetIdleTaskMemory.uxIdleTaskStack  tasks.o
    0x20004750        -       0x0000005c   Zero   RW          712    .bss.vApplicationGetIdleTaskMemory.xIdleTaskTCB  tasks.o
    0x200047ac        -       0x00000200   Zero   RW          715    .bss.vApplicationGetTimerTaskMemory.uxTimerTaskStack  tasks.o
    0x200049ac        -       0x0000005c   Zero   RW          714    .bss.vApplicationGetTimerTaskMemory.xTimerTaskTCB  tasks.o
    0x20004a08        -       0x00000014   Zero   RW          796    .bss.xActiveTimerList1  timers.o
    0x20004a1c        -       0x00000014   Zero   RW          797    .bss.xActiveTimerList2  timers.o
    0x20004a30        -       0x00000004   Zero   RW           49    .bss.xButtonEventQueue  main.o
    0x20004a34        -       0x00000004   Zero   RW           47    .bss.xClosedLimitSemaphore  main.o
    0x20004a38        -       0x00000014   Zero   RW          716    .bss.xDelayedTaskList1  tasks.o
    0x20004a4c        -       0x00000014   Zero   RW          717    .bss.xDelayedTaskList2  tasks.o
    0x20004a60        -       0x00000004   Zero   RW          446    .bss.xFreeBytesRemaining  heap_4.o
    0x20004a64        -       0x00000004   Zero   RW           52    .bss.xGateCtrlTaskHandle  main.o
    0x20004a68        -       0x00000004   Zero   RW           45    .bss.xGateStateMutex  main.o
    0x20004a6c        -       0x00000004   Zero   RW          708    .bss.xIdleTaskHandles  tasks.o
    0x20004a70        -       0x00000004   Zero   RW           51    .bss.xInputTaskHandle  main.o
    0x20004a74        -       0x00000004   Zero   RW           53    .bss.xLedCtrlTaskHandle  main.o
    0x20004a78        -       0x00000004   Zero   RW          449    .bss.xMinimumEverFreeBytesRemaining  heap_4.o
    0x20004a7c        -       0x00000004   Zero   RW          707    .bss.xNextTaskUnblockTime  tasks.o
    0x20004a80        -       0x00000004   Zero   RW          711    .bss.xNumOfOverflows  tasks.o
    0x20004a84        -       0x00000004   Zero   RW          450    .bss.xNumberOfSuccessfulAllocations  heap_4.o
    0x20004a88        -       0x00000004   Zero   RW          451    .bss.xNumberOfSuccessfulFrees  heap_4.o
    0x20004a8c        -       0x00000004   Zero   RW           48    .bss.xObstacleSemaphore  main.o
    0x20004a90        -       0x00000004   Zero   RW           46    .bss.xOpenLimitSemaphore  main.o
    0x20004a94        -       0x00000004   Zero   RW          710    .bss.xPendedTicks   tasks.o
    0x20004a98        -       0x00000014   Zero   RW          702    .bss.xPendingReadyList  tasks.o
    0x20004aac        -       0x00000004   Zero   RW           50    .bss.xSafetyTaskHandle  main.o
    0x20004ab0        -       0x00000004   Zero   RW          694    .bss.xSchedulerRunning  tasks.o
    0x20004ab4        -       0x00000008   Zero   RW          447    .bss.xStart         heap_4.o
    0x20004abc        -       0x00000004   Zero   RW           54    .bss.xStatusTaskHandle  main.o
    0x20004ac0        -       0x00000014   Zero   RW          703    .bss.xSuspendedTaskList  tasks.o
    0x20004ad4        -       0x00000014   Zero   RW          695    .bss.xTasksWaitingTermination  tasks.o
    0x20004ae8        -       0x00000004   Zero   RW          699    .bss.xTickCount     tasks.o
    0x20004aec        -       0x00000004   Zero   RW          790    .bss.xTimerQueue    timers.o
    0x20004af0        -       0x00000004   Zero   RW          792    .bss.xTimerTaskHandle  timers.o
    0x20004af4        -       0x00000004   Zero   RW          706    .bss.xYieldPendings  tasks.o
    0x20004af8        -       0x00000400   Zero   RW          306    STACK               startup_tm4c123.o


==============================================================================

Image component sizes


      Code (inc. data)   RO Data    RW Data    ZI Data      Debug   Object Name

        30          0          0          0          0      29950   cmsis_os2.o
      1368          0          0          0      16412       4898   heap_4.o
       238          0          0          0          0       2364   list.o
      3146         24       1191          0         45       7078   main.o
      1034         16          0          4          5       3751   port.o
      2784          0          0          0          0      15573   queue.o
        48          0          0          0          0       1895   retarget_io.o
       252         10        620          0       1024       5472   startup_tm4c123.o
        84          0          0          0          0       1636   stdout_itm.o
        18          0          0          4          0       6701   system_tm4c123.o
      5848          0          9          0       2488      28093   tasks.o
      1306         10          8          0        220      11566   timers.o

    ----------------------------------------------------------------------
     16248         60       1862          8      20200     118977   Object Totals
         0          0         32          0          0          0   (incl. Generated)
        92          0          2          0          6          0   (incl. Padding)

    ----------------------------------------------------------------------

      Code (inc. data)   RO Data    RW Data    ZI Data      Debug   Library Member Name

         0          0          0          0          0          0   entry.o
         0          0          0          0          0          0   entry10a.o
         0          0          0          0          0          0   entry11a.o
         8          4          0          0          0          0   entry2.o
         4          0          0          0          0          0   entry5.o
         0          0          0          0          0          0   entry7b.o
         0          0          0          0          0          0   entry8b.o
         8          4          0          0          0          0   entry9a.o
        30          0          0          0          0          0   handlers.o
        48         10          0          0          0         68   init.o
         0          0          0          0          0          0   iusefp.o
        30          0          0          0          0         68   llshl.o
        36          0          0          0          0         68   llsshr.o
        32          0          0          0          0         68   llushr.o
        36          0          0          0          0         68   memcpya.o
        36          0          0          0          0        108   memseta.o
      2258         90          0          0          0        452   printfa.o
         0          0          0          4          0          0   stdout.o
        44          0          0          0          0         80   uidiv.o
        98          0          0          0          0         92   uldiv.o
        48          0          0          0          0         68   cdrcmple.o
       334          0          0          0          0        148   dadd.o
       222          0          0          0          0        100   ddiv.o
       186          0          0          0          0        176   depilogue.o
        48          0          0          0          0         68   dfixul.o
       228          0          0          0          0         96   dmul.o

    ----------------------------------------------------------------------
      3738        108          0          4          0       1728   Library Totals
         4          0          0          0          0          0   (incl. Padding)

    ----------------------------------------------------------------------

      Code (inc. data)   RO Data    RW Data    ZI Data      Debug   Library Name

      2668        108          0          4          0       1072   mc_w.l
      1066          0          0          0          0        656   mf_w.l

    ----------------------------------------------------------------------
      3738        108          0          4          0       1728   Library Totals

    ----------------------------------------------------------------------

==============================================================================


      Code (inc. data)   RO Data    RW Data    ZI Data      Debug   

     19986        168       1862         12      20200     119825   Grand Totals
     19986        168       1862         12      20200     119825   ELF Image Totals
     19986        168       1862         12          0          0   ROM Totals

==============================================================================

    Total RO  Size (Code + RO Data)                21848 (  21.34kB)
    Total RW  Size (RW Data + ZI Data)             20212 (  19.74kB)
    Total ROM Size (Code + RO Data + RW Data)      21860 (  21.35kB)

==============================================================================

